Archive member included to satisfy reference by file (symbol)

c:/st/stm32cubeide_1.10.1/stm32cubeide/plugins/com.st.stm32cube.ide.mcu.externaltools.gnu-tools-for-stm32.10.3-2021.10.win32_1.0.200.202301161003/tools/bin/../lib/gcc/arm-none-eabi/10.3.1/../../../../arm-none-eabi/lib/thumb/v7e-m+fp/hard\libc_nano.a(lib_a-errno.o)
                              ./Core/Src/syscalls.o (__errno)
c:/st/stm32cubeide_1.10.1/stm32cubeide/plugins/com.st.stm32cube.ide.mcu.externaltools.gnu-tools-for-stm32.10.3-2021.10.win32_1.0.200.202301161003/tools/bin/../lib/gcc/arm-none-eabi/10.3.1/../../../../arm-none-eabi/lib/thumb/v7e-m+fp/hard\libc_nano.a(lib_a-exit.o)
                              c:/st/stm32cubeide_1.10.1/stm32cubeide/plugins/com.st.stm32cube.ide.mcu.externaltools.gnu-tools-for-stm32.10.3-2021.10.win32_1.0.200.202301161003/tools/bin/../lib/gcc/arm-none-eabi/10.3.1/../../../../arm-none-eabi/lib/thumb/v7e-m+fp/hard/crt0.o (exit)
c:/st/stm32cubeide_1.10.1/stm32cubeide/plugins/com.st.stm32cube.ide.mcu.externaltools.gnu-tools-for-stm32.10.3-2021.10.win32_1.0.200.202301161003/tools/bin/../lib/gcc/arm-none-eabi/10.3.1/../../../../arm-none-eabi/lib/thumb/v7e-m+fp/hard\libc_nano.a(lib_a-impure.o)
                              c:/st/stm32cubeide_1.10.1/stm32cubeide/plugins/com.st.stm32cube.ide.mcu.externaltools.gnu-tools-for-stm32.10.3-2021.10.win32_1.0.200.202301161003/tools/bin/../lib/gcc/arm-none-eabi/10.3.1/../../../../arm-none-eabi/lib/thumb/v7e-m+fp/hard\libc_nano.a(lib_a-exit.o) (_global_impure_ptr)
c:/st/stm32cubeide_1.10.1/stm32cubeide/plugins/com.st.stm32cube.ide.mcu.externaltools.gnu-tools-for-stm32.10.3-2021.10.win32_1.0.200.202301161003/tools/bin/../lib/gcc/arm-none-eabi/10.3.1/../../../../arm-none-eabi/lib/thumb/v7e-m+fp/hard\libc_nano.a(lib_a-init.o)
                              c:/st/stm32cubeide_1.10.1/stm32cubeide/plugins/com.st.stm32cube.ide.mcu.externaltools.gnu-tools-for-stm32.10.3-2021.10.win32_1.0.200.202301161003/tools/bin/../lib/gcc/arm-none-eabi/10.3.1/../../../../arm-none-eabi/lib/thumb/v7e-m+fp/hard/crt0.o (__libc_init_array)
c:/st/stm32cubeide_1.10.1/stm32cubeide/plugins/com.st.stm32cube.ide.mcu.externaltools.gnu-tools-for-stm32.10.3-2021.10.win32_1.0.200.202301161003/tools/bin/../lib/gcc/arm-none-eabi/10.3.1/../../../../arm-none-eabi/lib/thumb/v7e-m+fp/hard\libc_nano.a(lib_a-memset.o)
                              c:/st/stm32cubeide_1.10.1/stm32cubeide/plugins/com.st.stm32cube.ide.mcu.externaltools.gnu-tools-for-stm32.10.3-2021.10.win32_1.0.200.202301161003/tools/bin/../lib/gcc/arm-none-eabi/10.3.1/../../../../arm-none-eabi/lib/thumb/v7e-m+fp/hard/crt0.o (memset)
c:/st/stm32cubeide_1.10.1/stm32cubeide/plugins/com.st.stm32cube.ide.mcu.externaltools.gnu-tools-for-stm32.10.3-2021.10.win32_1.0.200.202301161003/tools/bin/../lib/gcc/arm-none-eabi/10.3.1/../../../../arm-none-eabi/lib/thumb/v7e-m+fp/hard\libc_nano.a(lib_a-sprintf.o)
                              ./Core/Src/kb.o (sprintf)
c:/st/stm32cubeide_1.10.1/stm32cubeide/plugins/com.st.stm32cube.ide.mcu.externaltools.gnu-tools-for-stm32.10.3-2021.10.win32_1.0.200.202301161003/tools/bin/../lib/gcc/arm-none-eabi/10.3.1/../../../../arm-none-eabi/lib/thumb/v7e-m+fp/hard\libc_nano.a(lib_a-strlen.o)
                              ./Core/Src/sdk_usart.o (strlen)
c:/st/stm32cubeide_1.10.1/stm32cubeide/plugins/com.st.stm32cube.ide.mcu.externaltools.gnu-tools-for-stm32.10.3-2021.10.win32_1.0.200.202301161003/tools/bin/../lib/gcc/arm-none-eabi/10.3.1/../../../../arm-none-eabi/lib/thumb/v7e-m+fp/hard\libc_nano.a(lib_a-nano-svfprintf.o)
                              c:/st/stm32cubeide_1.10.1/stm32cubeide/plugins/com.st.stm32cube.ide.mcu.externaltools.gnu-tools-for-stm32.10.3-2021.10.win32_1.0.200.202301161003/tools/bin/../lib/gcc/arm-none-eabi/10.3.1/../../../../arm-none-eabi/lib/thumb/v7e-m+fp/hard\libc_nano.a(lib_a-sprintf.o) (_svfprintf_r)
c:/st/stm32cubeide_1.10.1/stm32cubeide/plugins/com.st.stm32cube.ide.mcu.externaltools.gnu-tools-for-stm32.10.3-2021.10.win32_1.0.200.202301161003/tools/bin/../lib/gcc/arm-none-eabi/10.3.1/../../../../arm-none-eabi/lib/thumb/v7e-m+fp/hard\libc_nano.a(lib_a-nano-vfprintf_i.o)
                              c:/st/stm32cubeide_1.10.1/stm32cubeide/plugins/com.st.stm32cube.ide.mcu.externaltools.gnu-tools-for-stm32.10.3-2021.10.win32_1.0.200.202301161003/tools/bin/../lib/gcc/arm-none-eabi/10.3.1/../../../../arm-none-eabi/lib/thumb/v7e-m+fp/hard\libc_nano.a(lib_a-nano-svfprintf.o) (_printf_i)
c:/st/stm32cubeide_1.10.1/stm32cubeide/plugins/com.st.stm32cube.ide.mcu.externaltools.gnu-tools-for-stm32.10.3-2021.10.win32_1.0.200.202301161003/tools/bin/../lib/gcc/arm-none-eabi/10.3.1/../../../../arm-none-eabi/lib/thumb/v7e-m+fp/hard\libc_nano.a(lib_a-memchr.o)
[...]
Memory Configuration

Name             Origin             Length             Attributes
CCMRAM           0x0000000010000000 0x0000000000010000 xrw
RAM              0x0000000020000000 0x0000000000030000 xrw
FLASH            0x0000000008000000 0x0000000000200000 xr
*default*        0x0000000000000000 0xffffffffffffffff

Linker script and memory map

LOAD c:/st/stm32cubeide_1.10.1/stm32cubeide/plugins/com.st.stm32cube.ide.mcu.externaltools.gnu-tools-for-stm32.10.3-2021.10.win32_1.0.200.202301161003/tools/bin/../lib/gcc/arm-none-eabi/10.3.1/thumb/v7e-m+fp/hard/crti.o
LOAD c:/st/stm32cubeide_1.10.1/stm32cubeide/plugins/com.st.stm32cube.ide.mcu.externaltools.gnu-tools-for-stm32.10.3-2021.10.win32_1.0.200.202301161003/tools/bin/../lib/gcc/arm-none-eabi/10.3.1/thumb/v7e-m+fp/hard/crtbegin.o
LOAD c:/st/stm32cubeide_1.10.1/stm32cubeide/plugins/com.st.stm32cube.ide.mcu.externaltools.gnu-tools-for-stm32.10.3-2021.10.win32_1.0.200.202301161003/tools/bin/../lib/gcc/arm-none-eabi/10.3.1/../../../../arm-none-eabi/lib/thumb/v7e-m+fp/hard/crt0.o
LOAD ./Core/Src/fonts.o
LOAD ./Core/Src/gpio.o
LOAD ./Core/Src/i2c.o
LOAD ./Core/Src/kb.o
LOAD ./Core/Src/main.o
LOAD ./Core/Src/oled.o
LOAD ./Core/Src/pca9538.o
LOAD ./Core/Src/sdk_usart.o
LOAD ./Core/Src/stm32f4xx_hal_msp.o
LOAD ./Core/Src/stm32f4xx_it.o
LOAD ./Core/Src/syscalls.o
LOAD ./Core/Src/sysmem.o
LOAD ./Core/Src/system_stm32f4xx.o
LOAD ./Core/Src/usart.o
LOAD ./Core/Startup/startup_stm32f427vitx.o
LOAD ./Drivers/STM32F4xx_HAL_Driver/Src/stm32f4xx_hal.o
LOAD ./Drivers/STM32F4xx_HAL_Driver/Src/stm32f4xx_hal_cortex.o
LOAD ./Drivers/STM32F4xx_HAL_Driver/Src/stm32f4xx_hal_dma.o
LOAD ./Drivers/STM32F4xx_HAL_Driver/Src/stm32f4xx_hal_dma_ex.o
LOAD ./Drivers/STM32F4xx_HAL_Driver/Src/stm32f4xx_hal_exti.o
LOAD ./Drivers/STM32F4xx_HAL_Driver/Src/stm32f4xx_hal_flash.o
LOAD ./Drivers/STM32F4xx_HAL_Driver/Src/stm32f4xx_hal_flash_ex.o
LOAD ./Drivers/STM32F4xx_HAL_Driver/Src/stm32f4xx_hal_flash_ramfunc.o
LOAD ./Drivers/STM32F4xx_HAL_Driver/Src/stm32f4xx_hal_gpio.o
LOAD ./Drivers/STM32F4xx_HAL_Driver/Src/stm32f4xx_hal_i2c.o
LOAD ./Drivers/STM32F4xx_HAL_Driver/Src/stm32f4xx_hal_i2c_ex.o
LOAD ./Drivers/STM32F4xx_HAL_Driver/Src/stm32f4xx_hal_pwr.o
LOAD ./Drivers/STM32F4xx_HAL_Driver/Src/stm32f4xx_hal_pwr_ex.o
LOAD ./Drivers/STM32F4xx_HAL_Driver/Src/stm32f4xx_hal_rcc.o
LOAD ./Drivers/STM32F4xx_HAL_Driver/Src/stm32f4xx_hal_rcc_ex.o
LOAD ./Drivers/STM32F4xx_HAL_Driver/Src/stm32f4xx_hal_tim.o
LOAD ./Drivers/STM32F4xx_HAL_Driver/Src/stm32f4xx_hal_tim_ex.o
LOAD ./Drivers/STM32F4xx_HAL_Driver/Src/stm32f4xx_hal_uart.o
START GROUP
LOAD c:/st/stm32cubeide_1.10.1/stm32cubeide/plugins/com.st.stm32cube.ide.mcu.externaltools.gnu-tools-for-stm32.10.3-2021.10.win32_1.0.200.202301161003/tools/bin/../lib/gcc/arm-none-eabi/10.3.1/../../../../arm-none-eabi/lib/thumb/v7e-m+fp/hard\libstdc++_nano.a
LOAD c:/st/stm32cubeide_1.10.1/stm32cubeide/plugins/com.st.stm32cube.ide.mcu.externaltools.gnu-tools-for-stm32.10.3-2021.10.win32_1.0.200.202301161003/tools/bin/../lib/gcc/arm-none-eabi/10.3.1/../../../../arm-none-eabi/lib/thumb/v7e-m+fp/hard\libsupc++_nano.a
END GROUP
LOAD c:/st/stm32cubeide_1.10.1/stm32cubeide/plugins/com.st.stm32cube.ide.mcu.externaltools.gnu-tools-for-stm32.10.3-2021.10.win32_1.0.200.202301161003/tools/bin/../lib/gcc/arm-none-eabi/10.3.1/../../../../arm-none-eabi/lib/thumb/v7e-m+fp/hard\libstdc++_nano.a
LOAD c:/st/stm32cubeide_1.10.1/stm32cubeide/plugins/com.st.stm32cube.ide.mcu.externaltools.gnu-tools-for-stm32.10.3-2021.10.win32_1.0.200.202301161003/tools/bin/../lib/gcc/arm-none-eabi/10.3.1/../../../../arm-none-eabi/lib/thumb/v7e-m+fp/hard\libm.a
LOAD c:/st/stm32cubeide_1.10.1/stm32cubeide/plugins/com.st.stm32cube.ide.mcu.externaltools.gnu-tools-for-stm32.10.3-2021.10.win32_1.0.200.202301161003/tools/bin/../lib/gcc/arm-none-eabi/10.3.1/../../../../arm-none-eabi/lib/thumb/v7e-m+fp/hard\libc_nano.a
START GROUP
LOAD c:/st/stm32cubeide_1.10.1/stm32cubeide/plugins/com.st.stm32cube.ide.mcu.externaltools.gnu-tools-for-stm32.10.3-2021.10.win32_1.0.200.202301161003/tools/bin/../lib/gcc/arm-none-eabi/10.3.1/thumb/v7e-m+fp/hard\libgcc.a
LOAD c:/st/stm32cubeide_1.10.1/stm32cubeide/plugins/com.st.stm32cube.ide.mcu.externaltools.gnu-tools-for-stm32.10.3-2021.10.win32_1.0.200.202301161003/tools/bin/../lib/gcc/arm-none-eabi/10.3.1/../../../../arm-none-eabi/lib/thumb/v7e-m+fp/hard\libc_nano.a
END GROUP
START GROUP
LOAD c:/st/stm32cubeide_1.10.1/stm32cubeide/plugins/com.st.stm32cube.ide.mcu.externaltools.gnu-tools-for-stm32.10.3-2021.10.win32_1.0.200.202301161003/tools/bin/../lib/gcc/arm-none-eabi/10.3.1/thumb/v7e-m+fp/hard\libgcc.a
LOAD c:/st/stm32cubeide_1.10.1/stm32cubeide/plugins/com.st.stm32cube.ide.mcu.externaltools.gnu-tools-for-stm32.10.3-2021.10.win32_1.0.200.202301161003/tools/bin/../lib/gcc/arm-none-eabi/10.3.1/../../../../arm-none-eabi/lib/thumb/v7e-m+fp/hard\libc_nano.a
LOAD c:/st/stm32cubeide_1.10.1/stm32cubeide/plugins/com.st.stm32cube.ide.mcu.externaltools.gnu-tools-for-stm32.10.3-2021.10.win32_1.0.200.202301161003/tools/bin/../lib/gcc/arm-none-eabi/10.3.1/../../../../arm-none-eabi/lib/thumb/v7e-m+fp/hard\libnosys.a
END GROUP
START GROUP
LOAD c:/st/stm32cubeide_1.10.1/stm32cubeide/plugins/com.st.stm32cube.ide.mcu.externaltools.gnu-tools-for-stm32.10.3-2021.10.win32_1.0.200.202301161003/tools/bin/../lib/gcc/arm-none-eabi/10.3.1/thumb/v7e-m+fp/hard\libgcc.a
LOAD c:/st/stm32cubeide_1.10.1/stm32cubeide/plugins/com.st.stm32cube.ide.mcu.externaltools.gnu-tools-for-stm32.10.3-2021.10.win32_1.0.200.202301161003/tools/bin/../lib/gcc/arm-none-eabi/10.3.1/../../../../arm-none-eabi/lib/thumb/v7e-m+fp/hard\libc_nano.a
LOAD c:/st/stm32cubeide_1.10.1/stm32cubeide/plugins/com.st.stm32cube.ide.mcu.externaltools.gnu-tools-for-stm32.10.3-2021.10.win32_1.0.200.202301161003/tools/bin/../lib/gcc/arm-none-eabi/10.3.1/../../../../arm-none-eabi/lib/thumb/v7e-m+fp/hard\libnosys.a
END GROUP
LOAD c:/st/stm32cubeide_1.10.1/stm32cubeide/plugins/com.st.stm32cube.ide.mcu.externaltools.gnu-tools-for-stm32.10.3-2021.10.win32_1.0.200.202301161003/tools/bin/../lib/gcc/arm-none-eabi/10.3.1/thumb/v7e-m+fp/hard/crtend.o
LOAD c:/st/stm32cubeide_1.10.1/stm32cubeide/plugins/com.st.stm32cube.ide.mcu.externaltools.gnu-tools-for-stm32.10.3-2021.10.win32_1.0.200.202301161003/tools/bin/../lib/gcc/arm-none-eabi/10.3.1/thumb/v7e-m+fp/hard/crtn.o
                0x0000000020030000                _estack = (ORIGIN (RAM) + LENGTH (RAM))
                0x0000000000000200                _Min_Heap_Size = 0x200
                0x0000000000000400                _Min_Stack_Size = 0x400

.isr_vector     0x0000000008000000      0x1ac
                0x0000000008000000                . = ALIGN (0x4)
 *(.isr_vector)
 .isr_vector    0x0000000008000000      0x1ac ./Core/Startup/startup_stm32f427vitx.o
                0x0000000008000000                g_pfnVectors
                0x00000000080001ac                . = ALIGN (0x4)

.text           0x00000000080001b0     0x3ec8
                0x00000000080001b0                . = ALIGN (0x4)
 *(.text)
 .text          0x00000000080001b0       0x40 c:/st/stm32cubeide_1.10.1/stm32cubeide/plugins/com.st.stm32cube.ide.mcu.externaltools.gnu-tools-for-stm32.10.3-2021.10.win32_1.0.200.202301161003/tools/bin/../lib/gcc/arm-none-eabi/10.3.1/thumb/v7e-m+fp/hard/crtbegin.o
 .text          0x00000000080001f0       0x10 c:/st/stm32cubeide_1.10.1/stm32cubeide/plugins/com.st.stm32cube.ide.mcu.externaltools.gnu-tools-for-stm32.10.3-2021.10.win32_1.0.200.202301161003/tools/bin/../lib/gcc/arm-none-eabi/10.3.1/../../../../arm-none-eabi/lib/thumb/v7e-m+fp/hard\libc_nano.a(lib_a-strlen.o)
                0x00000000080001f0                strlen
 .text          0x0000000008000200       0xa0 c:/st/stm32cubeide_1.10.1/stm32cubeide/plugins/com.st.stm32cube.ide.mcu.externaltools.gnu-tools-for-stm32.10.3-2021.10.win32_1.0.200.202301161003/tools/bin/../lib/gcc/arm-none-eabi/10.3.1/../../../../arm-none-eabi/lib/thumb/v7e-m+fp/hard\libc_nano.a(lib_a-memchr.o)
                0x0000000008000200                memchr
 .text          0x00000000080002a0       0x30 c:/st/stm32cubeide_1.10.1/stm32cubeide/plugins/com.st.stm32cube.ide.mcu.externaltools.gnu-tools-for-stm32.10.3-2021.10.win32_1.0.200.202301161003/tools/bin/../lib/gcc/arm-none-eabi/10.3.1/thumb/v7e-m+fp/hard\libgcc.a(_aeabi_uldivmod.o)
                0x00000000080002a0                __aeabi_uldivmod
 .text          0x00000000080002d0      0x2d0 c:/st/stm32cubeide_1.10.1/stm32cubeide/plugins/com.st.stm32cube.ide.mcu.externaltools.gnu-tools-for-stm32.10.3-2021.10.win32_1.0.200.202301161003/tools/bin/../lib/gcc/arm-none-eabi/10.3.1/thumb/v7e-m+fp/hard\libgcc.a(_udivmoddi4.o)
                0x00000000080002d0                __udivmoddi4
 .text          0x00000000080005a0        0x4 c:/st/stm32cubeide_1.10.1/stm32cubeide/plugins/com.st.stm32cube.ide.mcu.externaltools.gnu-tools-for-stm32.10.3-2021.10.win32_1.0.200.202301161003/tools/bin/../lib/gcc/arm-none-eabi/10.3.1/thumb/v7e-m+fp/hard\libgcc.a(_dvmd_tls.o)
                0x00000000080005a0                __aeabi_idiv0
                0x00000000080005a0                __aeabi_ldiv0
 *(.text*)
 .text.MX_GPIO_Init
                0x00000000080005a4       0x88 ./Core/Src/gpio.o
                0x00000000080005a4                MX_GPIO_Init
 .text.MX_I2C1_Init
                0x000000000800062c       0x80 ./Core/Src/i2c.o
                0x000000000800062c                MX_I2C1_Init
 .text.HAL_I2C_MspInit
                0x00000000080006ac       0x90 ./Core/Src/i2c.o
                0x00000000080006ac                HAL_I2C_MspInit
 .text.keyboard_init
                0x000000000800073c       0x60 ./Core/Src/kb.o
                0x000000000800073c                keyboard_init
 .text.check_key
                0x000000000800079c       0xe4 ./Core/Src/kb.o
                0x000000000800079c                check_key
 .text.main     0x0000000008000880       0x5c ./Core/Src/main.o
                0x0000000008000880                main
 .text.SystemClock_Config
                0x00000000080008dc       0xc0 ./Core/Src/main.o
                0x00000000080008dc                SystemClock_Config
 .text.Error_Handler
                0x000000000800099c        0xa ./Core/Src/main.o
                0x000000000800099c                Error_Handler
 *fill*         0x00000000080009a6        0x2 
 .text.OLED_write_command
                0x00000000080009a8       0x30 ./Core/Src/oled.o
 .text.OLED_init
                0x00000000080009d8       0xc4 ./Core/Src/oled.o
                0x00000000080009d8                OLED_init
 .text.OLED_set_cursor
                0x0000000008000a9c       0x2c ./Core/Src/oled.o
                0x0000000008000a9c                OLED_set_cursor
 .text.OLED_draw_pixel
                0x0000000008000ac8       0xa8 ./Core/Src/oled.o
                0x0000000008000ac8                OLED_draw_pixel
 .text.OLED_fill
                0x0000000008000b70       0x2c ./Core/Src/oled.o
                0x0000000008000b70                OLED_fill
 .text.OLED_draw_char
                0x0000000008000b9c      0x118 ./Core/Src/oled.o
                0x0000000008000b9c                OLED_draw_char
 .text.OLED_draw_string
                0x0000000008000cb4       0x36 ./Core/Src/oled.o
                0x0000000008000cb4                OLED_draw_string
 *fill*         0x0000000008000cea        0x2 
 .text.PCA9538_read_register
                0x0000000008000cec       0x40 ./Core/Src/pca9538.o
                0x0000000008000cec                PCA9538_read_register
 .text.PCA9538_write_register
                0x0000000008000d2c       0x40 ./Core/Src/pca9538.o
                0x0000000008000d2c                PCA9538_write_register
 .text.PCA9538_read_inputs
                0x0000000008000d6c       0x22 ./Core/Src/pca9538.o
                0x0000000008000d6c                PCA9538_read_inputs
 *fill*         0x0000000008000d8e        0x2 
 .text.USART_transmit
                0x0000000008000d90       0x2c ./Core/Src/sdk_usart.o
                0x0000000008000d90                USART_transmit
 .text.HAL_MspInit
                0x0000000008000dbc       0x50 ./Core/Src/stm32f4xx_hal_msp.o
                0x0000000008000dbc                HAL_MspInit
 .text.NMI_Handler
                0x0000000008000e0c        0x6 ./Core/Src/stm32f4xx_it.o
                0x0000000008000e0c                NMI_Handler
 .text.HardFault_Handler
                0x0000000008000e12        0x6 ./Core/Src/stm32f4xx_it.o
                0x0000000008000e12                HardFault_Handler
 .text.MemManage_Handler
                0x0000000008000e18        0x6 ./Core/Src/stm32f4xx_it.o
                0x0000000008000e18                MemManage_Handler
 .text.BusFault_Handler
                0x0000000008000e1e        0x6 ./Core/Src/stm32f4xx_it.o
                0x0000000008000e1e                BusFault_Handler
 .text.UsageFault_Handler
                0x0000000008000e24        0x6 ./Core/Src/stm32f4xx_it.o
                0x0000000008000e24                UsageFault_Handler
 .text.SVC_Handler
                0x0000000008000e2a        0xe ./Core/Src/stm32f4xx_it.o
                0x0000000008000e2a                SVC_Handler
 .text.DebugMon_Handler
                0x0000000008000e38        0xe ./Core/Src/stm32f4xx_it.o
                0x0000000008000e38                DebugMon_Handler
 .text.PendSV_Handler
                0x0000000008000e46        0xe ./Core/Src/stm32f4xx_it.o
                0x0000000008000e46                PendSV_Handler
 .text.SysTick_Handler
                0x0000000008000e54        0xc ./Core/Src/stm32f4xx_it.o
                0x0000000008000e54                SysTick_Handler
 .text._sbrk    0x0000000008000e60       0x6c ./Core/Src/sysmem.o
                0x0000000008000e60                _sbrk
 .text.SystemInit
                0x0000000008000ecc       0x24 ./Core/Src/system_stm32f4xx.o
                0x0000000008000ecc                SystemInit
 .text.MX_USART6_UART_Init
                0x0000000008000ef0       0x54 ./Core/Src/usart.o
                0x0000000008000ef0                MX_USART6_UART_Init
 .text.HAL_UART_MspInit
                0x0000000008000f44       0x90 ./Core/Src/usart.o
                0x0000000008000f44                HAL_UART_MspInit
 .text.Reset_Handler
                0x0000000008000fd4       0x50 ./Core/Startup/startup_stm32f427vitx.o
                0x0000000008000fd4                Reset_Handler
 .text.Default_Handler
                0x0000000008001024        0x2 ./Core/Startup/startup_stm32f427vitx.o
                0x0000000008001024                RTC_Alarm_IRQHandler
                0x0000000008001024                HASH_RNG_IRQHandler
                0x0000000008001024                EXTI2_IRQHandler
                0x0000000008001024                TIM8_CC_IRQHandler
                0x0000000008001024                UART8_IRQHandler
                0x0000000008001024                SPI4_IRQHandler
                0x0000000008001024                TIM1_CC_IRQHandler
                0x0000000008001024                DMA2_Stream5_IRQHandler
                0x0000000008001024                DMA1_Stream5_IRQHandler
                0x0000000008001024                PVD_IRQHandler
                0x0000000008001024                SDIO_IRQHandler
                0x0000000008001024                TAMP_STAMP_IRQHandler
                0x0000000008001024                CAN2_RX1_IRQHandler
                0x0000000008001024                EXTI3_IRQHandler
                0x0000000008001024                TIM8_TRG_COM_TIM14_IRQHandler
                0x0000000008001024                TIM1_UP_TIM10_IRQHandler
                0x0000000008001024                TIM8_UP_TIM13_IRQHandler
                0x0000000008001024                I2C3_ER_IRQHandler
                0x0000000008001024                EXTI0_IRQHandler
                0x0000000008001024                I2C2_EV_IRQHandler
                0x0000000008001024                DMA1_Stream2_IRQHandler
                0x0000000008001024                CAN1_RX0_IRQHandler
                0x0000000008001024                FPU_IRQHandler
                0x0000000008001024                OTG_HS_WKUP_IRQHandler
                0x0000000008001024                CAN2_SCE_IRQHandler
                0x0000000008001024                DMA2_Stream2_IRQHandler
                0x0000000008001024                SPI1_IRQHandler
                0x0000000008001024                TIM6_DAC_IRQHandler
                0x0000000008001024                TIM1_BRK_TIM9_IRQHandler
                0x0000000008001024                DCMI_IRQHandler
                0x0000000008001024                CAN2_RX0_IRQHandler
                0x0000000008001024                DMA2_Stream3_IRQHandler
                0x0000000008001024                USART6_IRQHandler
                0x0000000008001024                USART3_IRQHandler
                0x0000000008001024                CAN1_RX1_IRQHandler
                0x0000000008001024                UART5_IRQHandler
                0x0000000008001024                DMA2_Stream0_IRQHandler
                0x0000000008001024                TIM4_IRQHandler
                0x0000000008001024                I2C1_EV_IRQHandler
                0x0000000008001024                DMA1_Stream6_IRQHandler
                0x0000000008001024                DMA1_Stream1_IRQHandler
                0x0000000008001024                UART4_IRQHandler
                0x0000000008001024                TIM3_IRQHandler
                0x0000000008001024                RCC_IRQHandler
                0x0000000008001024                TIM8_BRK_TIM12_IRQHandler
                0x0000000008001024                Default_Handler
                0x0000000008001024                EXTI15_10_IRQHandler
                0x0000000008001024                ADC_IRQHandler
                0x0000000008001024                DMA1_Stream7_IRQHandler
                0x0000000008001024                SPI5_IRQHandler
                0x0000000008001024                TIM7_IRQHandler
                0x0000000008001024                CAN2_TX_IRQHandler
                0x0000000008001024                TIM5_IRQHandler
                0x0000000008001024                DMA2_Stream7_IRQHandler
                0x0000000008001024                I2C3_EV_IRQHandler
                0x0000000008001024                EXTI9_5_IRQHandler
                0x0000000008001024                RTC_WKUP_IRQHandler
                0x0000000008001024                ETH_WKUP_IRQHandler
                0x0000000008001024                SPI2_IRQHandler
                0x0000000008001024                OTG_HS_EP1_IN_IRQHandler
                0x0000000008001024                DMA1_Stream0_IRQHandler
                0x0000000008001024                CAN1_TX_IRQHandler
                0x0000000008001024                EXTI4_IRQHandler
                0x0000000008001024                ETH_IRQHandler
                0x0000000008001024                OTG_HS_EP1_OUT_IRQHandler
                0x0000000008001024                WWDG_IRQHandler
                0x0000000008001024                SPI6_IRQHandler
                0x0000000008001024                TIM2_IRQHandler
                0x0000000008001024                OTG_FS_WKUP_IRQHandler
                0x0000000008001024                TIM1_TRG_COM_TIM11_IRQHandler
                0x0000000008001024                OTG_HS_IRQHandler
                0x0000000008001024                DMA2D_IRQHandler
                0x0000000008001024                EXTI1_IRQHandler
                0x0000000008001024                UART7_IRQHandler
                0x0000000008001024                USART2_IRQHandler
                0x0000000008001024                I2C2_ER_IRQHandler
                0x0000000008001024                DMA2_Stream1_IRQHandler
                0x0000000008001024                CAN1_SCE_IRQHandler
                0x0000000008001024                FLASH_IRQHandler
                0x0000000008001024                DMA2_Stream4_IRQHandler
                0x0000000008001024                USART1_IRQHandler
                0x0000000008001024                OTG_FS_IRQHandler
                0x0000000008001024                SPI3_IRQHandler
                0x0000000008001024                DMA1_Stream4_IRQHandler
                0x0000000008001024                I2C1_ER_IRQHandler
                0x0000000008001024                FMC_IRQHandler
                0x0000000008001024                DMA2_Stream6_IRQHandler
                0x0000000008001024                SAI1_IRQHandler
                0x0000000008001024                DMA1_Stream3_IRQHandler
 *fill*         0x0000000008001026        0x2 
 .text.HAL_Init
                0x0000000008001028       0x44 ./Drivers/STM32F4xx_HAL_Driver/Src/stm32f4xx_hal.o
                0x0000000008001028                HAL_Init
 .text.HAL_InitTick
                0x000000000800106c       0x60 ./Drivers/STM32F4xx_HAL_Driver/Src/stm32f4xx_hal.o
                0x000000000800106c                HAL_InitTick
 .text.HAL_IncTick
                0x00000000080010cc       0x28 ./Drivers/STM32F4xx_HAL_Driver/Src/stm32f4xx_hal.o
                0x00000000080010cc                HAL_IncTick
 .text.HAL_GetTick
                0x00000000080010f4       0x18 ./Drivers/STM32F4xx_HAL_Driver/Src/stm32f4xx_hal.o
                0x00000000080010f4                HAL_GetTick
 .text.HAL_Delay
                0x000000000800110c       0x48 ./Drivers/STM32F4xx_HAL_Driver/Src/stm32f4xx_hal.o
                0x000000000800110c                HAL_Delay
 .text.__NVIC_SetPriorityGrouping
                0x0000000008001154       0x48 ./Drivers/STM32F4xx_HAL_Driver/Src/stm32f4xx_hal_cortex.o
 .text.__NVIC_GetPriorityGrouping
                0x000000000800119c       0x1c ./Drivers/STM32F4xx_HAL_Driver/Src/stm32f4xx_hal_cortex.o
 .text.__NVIC_SetPriority
                0x00000000080011b8       0x54 ./Drivers/STM32F4xx_HAL_Driver/Src/stm32f4xx_hal_cortex.o
 .text.NVIC_EncodePriority
                0x000000000800120c       0x66 ./Drivers/STM32F4xx_HAL_Driver/Src/stm32f4xx_hal_cortex.o
 *fill*         0x0000000008001272        0x2 
 .text.SysTick_Config
                0x0000000008001274       0x44 ./Drivers/STM32F4xx_HAL_Driver/Src/stm32f4xx_hal_cortex.o
 .text.HAL_NVIC_SetPriorityGrouping
                0x00000000080012b8       0x16 ./Drivers/STM32F4xx_HAL_Driver/Src/stm32f4xx_hal_cortex.o
                0x00000000080012b8                HAL_NVIC_SetPriorityGrouping
 .text.HAL_NVIC_SetPriority
                0x00000000080012ce       0x38 ./Drivers/STM32F4xx_HAL_Driver/Src/stm32f4xx_hal_cortex.o
                0x00000000080012ce                HAL_NVIC_SetPriority
 .text.HAL_SYSTICK_Config
                0x0000000008001306       0x18 ./Drivers/STM32F4xx_HAL_Driver/Src/stm32f4xx_hal_cortex.o
                0x0000000008001306                HAL_SYSTICK_Config
 *fill*         0x000000000800131e        0x2 
 .text.HAL_GPIO_Init
                0x0000000008001320      0x358 ./Drivers/STM32F4xx_HAL_Driver/Src/stm32f4xx_hal_gpio.o
                0x0000000008001320                HAL_GPIO_Init
 .text.HAL_I2C_Init
                0x0000000008001678      0x288 ./Drivers/STM32F4xx_HAL_Driver/Src/stm32f4xx_hal_i2c.o
                0x0000000008001678                HAL_I2C_Init
 .text.HAL_I2C_Mem_Write
                0x0000000008001900      0x1f4 ./Drivers/STM32F4xx_HAL_Driver/Src/stm32f4xx_hal_i2c.o
                0x0000000008001900                HAL_I2C_Mem_Write
 .text.HAL_I2C_Mem_Read
                0x0000000008001af4      0x44c ./Drivers/STM32F4xx_HAL_Driver/Src/stm32f4xx_hal_i2c.o
                0x0000000008001af4                HAL_I2C_Mem_Read
 .text.I2C_RequestMemoryWrite
                0x0000000008001f40      0x12c ./Drivers/STM32F4xx_HAL_Driver/Src/stm32f4xx_hal_i2c.o
 .text.I2C_RequestMemoryRead
                0x000000000800206c      0x1d0 ./Drivers/STM32F4xx_HAL_Driver/Src/stm32f4xx_hal_i2c.o
 .text.I2C_WaitOnFlagUntilTimeout
                0x000000000800223c       0xae ./Drivers/STM32F4xx_HAL_Driver/Src/stm32f4xx_hal_i2c.o
 .text.I2C_WaitOnMasterAddressFlagUntilTimeout
                0x00000000080022ea       0xfe ./Drivers/STM32F4xx_HAL_Driver/Src/stm32f4xx_hal_i2c.o
 .text.I2C_WaitOnTXEFlagUntilTimeout
                0x00000000080023e8       0x82 ./Drivers/STM32F4xx_HAL_Driver/Src/stm32f4xx_hal_i2c.o
 .text.I2C_WaitOnBTFFlagUntilTimeout
                0x000000000800246a       0x82 ./Drivers/STM32F4xx_HAL_Driver/Src/stm32f4xx_hal_i2c.o
 .text.I2C_WaitOnRXNEFlagUntilTimeout
                0x00000000080024ec       0xac ./Drivers/STM32F4xx_HAL_Driver/Src/stm32f4xx_hal_i2c.o
 .text.I2C_IsAcknowledgeFailed
                0x0000000008002598       0x5e ./Drivers/STM32F4xx_HAL_Driver/Src/stm32f4xx_hal_i2c.o
 .text.HAL_I2CEx_ConfigAnalogFilter
                0x00000000080025f6       0x78 ./Drivers/STM32F4xx_HAL_Driver/Src/stm32f4xx_hal_i2c_ex.o
                0x00000000080025f6                HAL_I2CEx_ConfigAnalogFilter
 .text.HAL_I2CEx_ConfigDigitalFilter
                0x000000000800266e       0x7e ./Drivers/STM32F4xx_HAL_Driver/Src/stm32f4xx_hal_i2c_ex.o
                0x000000000800266e                HAL_I2CEx_ConfigDigitalFilter
 .text.HAL_RCC_OscConfig
                0x00000000080026ec      0x4f0 ./Drivers/STM32F4xx_HAL_Driver/Src/stm32f4xx_hal_rcc.o
                0x00000000080026ec                HAL_RCC_OscConfig
 .text.HAL_RCC_ClockConfig
                0x0000000008002bdc      0x1cc ./Drivers/STM32F4xx_HAL_Driver/Src/stm32f4xx_hal_rcc.o
                0x0000000008002bdc                HAL_RCC_ClockConfig
 .text.HAL_RCC_GetSysClockFreq
                0x0000000008002da8      0x18c ./Drivers/STM32F4xx_HAL_Driver/Src/stm32f4xx_hal_rcc.o
                0x0000000008002da8                HAL_RCC_GetSysClockFreq
 .text.HAL_RCC_GetHCLKFreq
                0x0000000008002f34       0x18 ./Drivers/STM32F4xx_HAL_Driver/Src/stm32f4xx_hal_rcc.o
                0x0000000008002f34                HAL_RCC_GetHCLKFreq
 .text.HAL_RCC_GetPCLK1Freq
                0x0000000008002f4c       0x28 ./Drivers/STM32F4xx_HAL_Driver/Src/stm32f4xx_hal_rcc.o
                0x0000000008002f4c                HAL_RCC_GetPCLK1Freq
 .text.HAL_RCC_GetPCLK2Freq
                0x0000000008002f74       0x28 ./Drivers/STM32F4xx_HAL_Driver/Src/stm32f4xx_hal_rcc.o
                0x0000000008002f74                HAL_RCC_GetPCLK2Freq
 .text.HAL_UART_Init
                0x0000000008002f9c       0x9a ./Drivers/STM32F4xx_HAL_Driver/Src/stm32f4xx_hal_uart.o
                0x0000000008002f9c                HAL_UART_Init
 .text.HAL_UART_Transmit
                0x0000000008003036      0x124 ./Drivers/STM32F4xx_HAL_Driver/Src/stm32f4xx_hal_uart.o
                0x0000000008003036                HAL_UART_Transmit
 .text.UART_WaitOnFlagUntilTimeout
                0x000000000800315a       0xdc ./Drivers/STM32F4xx_HAL_Driver/Src/stm32f4xx_hal_uart.o
 *fill*         0x0000000008003236        0x2 
 .text.UART_SetConfig
                0x0000000008003238      0x4e8 ./Drivers/STM32F4xx_HAL_Driver/Src/stm32f4xx_hal_uart.o
 .text.__errno  0x0000000008003720        0xc c:/st/stm32cubeide_1.10.1/stm32cubeide/plugins/com.st.stm32cube.ide.mcu.externaltools.gnu-tools-for-stm32.10.3-2021.10.win32_1.0.200.202301161003/tools/bin/../lib/gcc/arm-none-eabi/10.3.1/../../../../arm-none-eabi/lib/thumb/v7e-m+fp/hard\libc_nano.a(lib_a-errno.o)
                0x0000000008003720                __errno
 .text.__libc_init_array
                0x000000000800372c       0x48 c:/st/stm32cubeide_1.10.1/stm32cubeide/plugins/com.st.stm32cube.ide.mcu.externaltools.gnu-tools-for-stm32.10.3-2021.10.win32_1.0.200.202301161003/tools/bin/../lib/gcc/arm-none-eabi/10.3.1/../../../../arm-none-eabi/lib/thumb/v7e-m+fp/hard\libc_nano.a(lib_a-init.o)
                0x000000000800372c                __libc_init_array
 .text.memset   0x0000000008003774       0x10 c:/st/stm32cubeide_1.10.1/stm32cubeide/plugins/com.st.stm32cube.ide.mcu.externaltools.gnu-tools-for-stm32.10.3-2021.10.win32_1.0.200.202301161003/tools/bin/../lib/gcc/arm-none-eabi/10.3.1/../../../../arm-none-eabi/lib/thumb/v7e-m+fp/hard\libc_nano.a(lib_a-memset.o)
                0x0000000008003774                memset
 .text.sprintf  0x0000000008003784       0x40 c:/st/stm32cubeide_1.10.1/stm32cubeide/plugins/com.st.stm32cube.ide.mcu.externaltools.gnu-tools-for-stm32.10.3-2021.10.win32_1.0.200.202301161003/tools/bin/../lib/gcc/arm-none-eabi/10.3.1/../../../../arm-none-eabi/lib/thumb/v7e-m+fp/hard\libc_nano.a(lib_a-sprintf.o)
                0x0000000008003784                siprintf
                0x0000000008003784                sprintf
 .text.__ssputs_r
                0x00000000080037c4       0xb6 c:/st/stm32cubeide_1.10.1/stm32cubeide/plugins/com.st.stm32cube.ide.mcu.externaltools.gnu-tools-for-stm32.10.3-2021.10.win32_1.0.200.202301161003/tools/bin/../lib/gcc/arm-none-eabi/10.3.1/../../../../arm-none-eabi/lib/thumb/v7e-m+fp/hard\libc_nano.a(lib_a-nano-svfprintf.o)
                0x00000000080037c4                __ssputs_r
 *fill*         0x000000000800387a        0x2 
 .text._svfprintf_r
                0x000000000800387c      0x200 c:/st/stm32cubeide_1.10.1/stm32cubeide/plugins/com.st.stm32cube.ide.mcu.externaltools.gnu-tools-for-stm32.10.3-2021.10.win32_1.0.200.202301161003/tools/bin/../lib/gcc/arm-none-eabi/10.3.1/../../../../arm-none-eabi/lib/thumb/v7e-m+fp/hard\libc_nano.a(lib_a-nano-svfprintf.o)
                0x000000000800387c                _svfiprintf_r
                0x000000000800387c                _svfprintf_r
 .text._printf_common
                0x0000000008003a7c       0xda c:/st/stm32cubeide_1.10.1/stm32cubeide/plugins/com.st.stm32cube.ide.mcu.externaltools.gnu-tools-for-stm32.10.3-2021.10.win32_1.0.200.202301161003/tools/bin/../lib/gcc/arm-none-eabi/10.3.1/../../../../arm-none-eabi/lib/thumb/v7e-m+fp/hard\libc_nano.a(lib_a-nano-vfprintf_i.o)
                0x0000000008003a7c                _printf_common
 *fill*         0x0000000008003b56        0x2 
 .text._printf_i
                0x0000000008003b58      0x24c c:/st/stm32cubeide_1.10.1/stm32cubeide/plugins/com.st.stm32cube.ide.mcu.externaltools.gnu-tools-for-stm32.10.3-2021.10.win32_1.0.200.202301161003/tools/bin/../lib/gcc/arm-none-eabi/10.3.1/../../../../arm-none-eabi/lib/thumb/v7e-m+fp/hard\libc_nano.a(lib_a-nano-vfprintf_i.o)
                0x0000000008003b58                _printf_i
 .text.memcpy   0x0000000008003da4       0x1c c:/st/stm32cubeide_1.10.1/stm32cubeide/plugins/com.st.stm32cube.ide.mcu.externaltools.gnu-tools-for-stm32.10.3-2021.10.win32_1.0.200.202301161003/tools/bin/../lib/gcc/arm-none-eabi/10.3.1/../../../../arm-none-eabi/lib/thumb/v7e-m+fp/hard\libc_nano.a(lib_a-memcpy-stub.o)
                0x0000000008003da4                memcpy
 .text.memmove  0x0000000008003dc0       0x34 c:/st/stm32cubeide_1.10.1/stm32cubeide/plugins/com.st.stm32cube.ide.mcu.externaltools.gnu-tools-for-stm32.10.3-2021.10.win32_1.0.200.202301161003/tools/bin/../lib/gcc/arm-none-eabi/10.3.1/../../../../arm-none-eabi/lib/thumb/v7e-m+fp/hard\libc_nano.a(lib_a-memmove.o)
                0x0000000008003dc0                memmove
 .text._free_r  0x0000000008003df4       0x98 c:/st/stm32cubeide_1.10.1/stm32cubeide/plugins/com.st.stm32cube.ide.mcu.externaltools.gnu-tools-for-stm32.10.3-2021.10.win32_1.0.200.202301161003/tools/bin/../lib/gcc/arm-none-eabi/10.3.1/../../../../arm-none-eabi/lib/thumb/v7e-m+fp/hard\libc_nano.a(lib_a-nano-freer.o)
                0x0000000008003df4                _free_r
 .text.sbrk_aligned
                0x0000000008003e8c       0x40 c:/st/stm32cubeide_1.10.1/stm32cubeide/plugins/com.st.stm32cube.ide.mcu.externaltools.gnu-tools-for-stm32.10.3-2021.10.win32_1.0.200.202301161003/tools/bin/../lib/gcc/arm-none-eabi/10.3.1/../../../../arm-none-eabi/lib/thumb/v7e-m+fp/hard\libc_nano.a(lib_a-nano-mallocr.o)
 .text._malloc_r
                0x0000000008003ecc       0xe8 c:/st/stm32cubeide_1.10.1/stm32cubeide/plugins/com.st.stm32cube.ide.mcu.externaltools.gnu-tools-for-stm32.10.3-2021.10.win32_1.0.200.202301161003/tools/bin/../lib/gcc/arm-none-eabi/10.3.1/../../../../arm-none-eabi/lib/thumb/v7e-m+fp/hard\libc_nano.a(lib_a-nano-mallocr.o)
                0x0000000008003ecc                _malloc_r
 .text._realloc_r
                0x0000000008003fb4       0x5e c:/st/stm32cubeide_1.10.1/stm32cubeide/plugins/com.st.stm32cube.ide.mcu.externaltools.gnu-tools-for-stm32.10.3-2021.10.win32_1.0.200.202301161003/tools/bin/../lib/gcc/arm-none-eabi/10.3.1/../../../../arm-none-eabi/lib/thumb/v7e-m+fp/hard\libc_nano.a(lib_a-nano-reallocr.o)
                0x0000000008003fb4                _realloc_r
 *fill*         0x0000000008004012        0x2 
 .text._sbrk_r  0x0000000008004014       0x20 c:/st/stm32cubeide_1.10.1/stm32cubeide/plugins/com.st.stm32cube.ide.mcu.externaltools.gnu-tools-for-stm32.10.3-2021.10.win32_1.0.200.202301161003/tools/bin/../lib/gcc/arm-none-eabi/10.3.1/../../../../arm-none-eabi/lib/thumb/v7e-m+fp/hard\libc_nano.a(lib_a-sbrkr.o)
                0x0000000008004014                _sbrk_r
 .text.__malloc_lock
                0x0000000008004034        0xc c:/st/stm32cubeide_1.10.1/stm32cubeide/plugins/com.st.stm32cube.ide.mcu.externaltools.gnu-tools-for-stm32.10.3-2021.10.win32_1.0.200.202301161003/tools/bin/../lib/gcc/arm-none-eabi/10.3.1/../../../../arm-none-eabi/lib/thumb/v7e-m+fp/hard\libc_nano.a(lib_a-mlock.o)
                0x0000000008004034                __malloc_lock
 .text.__malloc_unlock
                0x0000000008004040        0xc c:/st/stm32cubeide_1.10.1/stm32cubeide/plugins/com.st.stm32cube.ide.mcu.externaltools.gnu-tools-for-stm32.10.3-2021.10.win32_1.0.200.202301161003/tools/bin/../lib/gcc/arm-none-eabi/10.3.1/../../../../arm-none-eabi/lib/thumb/v7e-m+fp/hard\libc_nano.a(lib_a-mlock.o)
                0x0000000008004040                __malloc_unlock
 .text._malloc_usable_size_r
                0x000000000800404c       0x10 c:/st/stm32cubeide_1.10.1/stm32cubeide/plugins/com.st.stm32cube.ide.mcu.externaltools.gnu-tools-for-stm32.10.3-2021.10.win32_1.0.200.202301161003/tools/bin/../lib/gcc/arm-none-eabi/10.3.1/../../../../arm-none-eabi/lib/thumb/v7e-m+fp/hard\libc_nano.a(lib_a-nano-msizer.o)
                0x000000000800404c                _malloc_usable_size_r
 .text.__retarget_lock_acquire_recursive
                0x000000000800405c        0x2 c:/st/stm32cubeide_1.10.1/stm32cubeide/plugins/com.st.stm32cube.ide.mcu.externaltools.gnu-tools-for-stm32.10.3-2021.10.win32_1.0.200.202301161003/tools/bin/../lib/gcc/arm-none-eabi/10.3.1/../../../../arm-none-eabi/lib/thumb/v7e-m+fp/hard\libc_nano.a(lib_a-lock.o)
                0x000000000800405c                __retarget_lock_acquire_recursive
 .text.__retarget_lock_release_recursive
                0x000000000800405e        0x2 c:/st/stm32cubeide_1.10.1/stm32cubeide/plugins/com.st.stm32cube.ide.mcu.externaltools.gnu-tools-for-stm32.10.3-2021.10.win32_1.0.200.202301161003/tools/bin/../lib/gcc/arm-none-eabi/10.3.1/../../../../arm-none-eabi/lib/thumb/v7e-m+fp/hard\libc_nano.a(lib_a-lock.o)
                0x000000000800405e                __retarget_lock_release_recursive
 *(.glue_7)
 .glue_7        0x0000000008004060        0x0 linker stubs
 *(.glue_7t)
 .glue_7t       0x0000000008004060        0x0 linker stubs
 *(.eh_frame)
 .eh_frame      0x0000000008004060        0x0 c:/st/stm32cubeide_1.10.1/stm32cubeide/plugins/com.st.stm32cube.ide.mcu.externaltools.gnu-tools-for-stm32.10.3-2021.10.win32_1.0.200.202301161003/tools/bin/../lib/gcc/arm-none-eabi/10.3.1/thumb/v7e-m+fp/hard/crtbegin.o
 *(.init)
 .init          0x0000000008004060        0x4 c:/st/stm32cubeide_1.10.1/stm32cubeide/plugins/com.st.stm32cube.ide.mcu.externaltools.gnu-tools-for-stm32.10.3-2021.10.win32_1.0.200.202301161003/tools/bin/../lib/gcc/arm-none-eabi/10.3.1/thumb/v7e-m+fp/hard/crti.o
                0x0000000008004060                _init
 .init          0x0000000008004064        0x8 c:/st/stm32cubeide_1.10.1/stm32cubeide/plugins/com.st.stm32cube.ide.mcu.externaltools.gnu-tools-for-stm32.10.3-2021.10.win32_1.0.200.202301161003/tools/bin/../lib/gcc/arm-none-eabi/10.3.1/thumb/v7e-m+fp/hard/crtn.o
 *(.fini)
 .fini          0x000000000800406c        0x4 c:/st/stm32cubeide_1.10.1/stm32cubeide/plugins/com.st.stm32cube.ide.mcu.externaltools.gnu-tools-for-stm32.10.3-2021.10.win32_1.0.200.202301161003/tools/bin/../lib/gcc/arm-none-eabi/10.3.1/thumb/v7e-m+fp/hard/crti.o
                0x000000000800406c                _fini
 .fini          0x0000000008004070        0x8 c:/st/stm32cubeide_1.10.1/stm32cubeide/plugins/com.st.stm32cube.ide.mcu.externaltools.gnu-tools-for-stm32.10.3-2021.10.win32_1.0.200.202301161003/tools/bin/../lib/gcc/arm-none-eabi/10.3.1/thumb/v7e-m+fp/hard/crtn.o
                0x0000000008004078                . = ALIGN (0x4)
                0x0000000008004078                _etext = .

.vfp11_veneer   0x0000000008004078        0x0
 .vfp11_veneer  0x0000000008004078        0x0 linker stubs

.v4_bx          0x0000000008004078        0x0
 .v4_bx         0x0000000008004078        0x0 linker stubs

.iplt           0x0000000008004078        0x0
 .iplt          0x0000000008004078        0x0 c:/st/stm32cubeide_1.10.1/stm32cubeide/plugins/com.st.stm32cube.ide.mcu.externaltools.gnu-tools-for-stm32.10.3-2021.10.win32_1.0.200.202301161003/tools/bin/../lib/gcc/arm-none-eabi/10.3.1/thumb/v7e-m+fp/hard/crtbegin.o

.rodata         0x0000000008004078      0x354
                0x0000000008004078                . = ALIGN (0x4)
 *(.rodata)
 .rodata        0x0000000008004078       0xa9 ./Core/Src/kb.o
 *fill*         0x0000000008004121        0x3 
 .rodata        0x0000000008004124        0x3 ./Core/Src/main.o
 *(.rodata*)
 *fill*         0x0000000008004127        0x1 
 .rodata.font7x10
                0x0000000008004128      0x258 ./Core/Src/fonts.o
 .rodata.AHBPrescTable
                0x0000000008004380       0x10 ./Core/Src/system_stm32f4xx.o
                0x0000000008004380                AHBPrescTable
 .rodata.APBPrescTable
                0x0000000008004390        0x8 ./Core/Src/system_stm32f4xx.o
                0x0000000008004390                APBPrescTable
 .rodata._svfprintf_r.str1.1
                0x0000000008004398       0x11 c:/st/stm32cubeide_1.10.1/stm32cubeide/plugins/com.st.stm32cube.ide.mcu.externaltools.gnu-tools-for-stm32.10.3-2021.10.win32_1.0.200.202301161003/tools/bin/../lib/gcc/arm-none-eabi/10.3.1/../../../../arm-none-eabi/lib/thumb/v7e-m+fp/hard\libc_nano.a(lib_a-nano-svfprintf.o)
 .rodata._printf_i.str1.1
                0x00000000080043a9       0x22 c:/st/stm32cubeide_1.10.1/stm32cubeide/plugins/com.st.stm32cube.ide.mcu.externaltools.gnu-tools-for-stm32.10.3-2021.10.win32_1.0.200.202301161003/tools/bin/../lib/gcc/arm-none-eabi/10.3.1/../../../../arm-none-eabi/lib/thumb/v7e-m+fp/hard\libc_nano.a(lib_a-nano-vfprintf_i.o)
                0x00000000080043cc                . = ALIGN (0x4)
 *fill*         0x00000000080043cb        0x1 

.ARM.extab      0x00000000080043cc        0x0
                0x00000000080043cc                . = ALIGN (0x4)
 *(.ARM.extab* .gnu.linkonce.armextab.*)
                0x00000000080043cc                . = ALIGN (0x4)

.ARM            0x00000000080043cc        0x8
                0x00000000080043cc                . = ALIGN (0x4)
                0x00000000080043cc                __exidx_start = .
 *(.ARM.exidx*)
 .ARM.exidx     0x00000000080043cc        0x8 c:/st/stm32cubeide_1.10.1/stm32cubeide/plugins/com.st.stm32cube.ide.mcu.externaltools.gnu-tools-for-stm32.10.3-2021.10.win32_1.0.200.202301161003/tools/bin/../lib/gcc/arm-none-eabi/10.3.1/thumb/v7e-m+fp/hard\libgcc.a(_udivmoddi4.o)
                0x00000000080043d4                __exidx_end = .
                0x00000000080043d4                . = ALIGN (0x4)

.rel.dyn        0x00000000080043d4        0x0
 .rel.iplt      0x00000000080043d4        0x0 c:/st/stm32cubeide_1.10.1/stm32cubeide/plugins/com.st.stm32cube.ide.mcu.externaltools.gnu-tools-for-stm32.10.3-2021.10.win32_1.0.200.202301161003/tools/bin/../lib/gcc/arm-none-eabi/10.3.1/thumb/v7e-m+fp/hard/crtbegin.o

.preinit_array  0x00000000080043d4        0x0
                0x00000000080043d4                . = ALIGN (0x4)
                0x00000000080043d4                PROVIDE (__preinit_array_start = .)
 *(.preinit_array*)
                0x00000000080043d4                PROVIDE (__preinit_array_end = .)
                0x00000000080043d4                . = ALIGN (0x4)

.init_array     0x00000000080043d4        0x4
                0x00000000080043d4                . = ALIGN (0x4)
                0x00000000080043d4                PROVIDE (__init_array_start = .)
 *(SORT_BY_NAME(.init_array.*))
 *(.init_array*)
 .init_array    0x00000000080043d4        0x4 c:/st/stm32cubeide_1.10.1/stm32cubeide/plugins/com.st.stm32cube.ide.mcu.externaltools.gnu-tools-for-stm32.10.3-2021.10.win32_1.0.200.202301161003/tools/bin/../lib/gcc/arm-none-eabi/10.3.1/thumb/v7e-m+fp/hard/crtbegin.o
                0x00000000080043d8                PROVIDE (__init_array_end = .)
                0x00000000080043d8                . = ALIGN (0x4)

.fini_array     0x00000000080043d8        0x4
                0x00000000080043d8                . = ALIGN (0x4)
                [!provide]                        PROVIDE (__fini_array_start = .)
 *(SORT_BY_NAME(.fini_array.*))
 *(.fini_array*)
 .fini_array    0x00000000080043d8        0x4 c:/st/stm32cubeide_1.10.1/stm32cubeide/plugins/com.st.stm32cube.ide.mcu.externaltools.gnu-tools-for-stm32.10.3-2021.10.win32_1.0.200.202301161003/tools/bin/../lib/gcc/arm-none-eabi/10.3.1/thumb/v7e-m+fp/hard/crtbegin.o
                [!provide]                        PROVIDE (__fini_array_end = .)
                0x00000000080043dc                . = ALIGN (0x4)
                0x00000000080043dc                _sidata = LOADADDR (.data)

.data           0x0000000020000000       0x7c load address 0x00000000080043dc
                0x0000000020000000                . = ALIGN (0x4)
                0x0000000020000000                _sdata = .
 *(.data)
 *(.data*)
 .data.font_7x10
                0x0000000020000000        0x8 ./Core/Src/fonts.o
                0x0000000020000000                font_7x10
 .data.rows_config
                0x0000000020000008        0x4 ./Core/Src/kb.o
 .data.SystemCoreClock
                0x000000002000000c        0x4 ./Core/Src/system_stm32f4xx.o
                0x000000002000000c                SystemCoreClock
 .data.uwTickPrio
                0x0000000020000010        0x4 ./Drivers/STM32F4xx_HAL_Driver/Src/stm32f4xx_hal.o
                0x0000000020000010                uwTickPrio
 .data.uwTickFreq
                0x0000000020000014        0x1 ./Drivers/STM32F4xx_HAL_Driver/Src/stm32f4xx_hal.o
                0x0000000020000014                uwTickFreq
 *fill*         0x0000000020000015        0x3 
 .data._impure_ptr
                0x0000000020000018        0x4 c:/st/stm32cubeide_1.10.1/stm32cubeide/plugins/com.st.stm32cube.ide.mcu.externaltools.gnu-tools-for-stm32.10.3-2021.10.win32_1.0.200.202301161003/tools/bin/../lib/gcc/arm-none-eabi/10.3.1/../../../../arm-none-eabi/lib/thumb/v7e-m+fp/hard\libc_nano.a(lib_a-impure.o)
                0x0000000020000018                _impure_ptr
 .data.impure_data
                0x000000002000001c       0x60 c:/st/stm32cubeide_1.10.1/stm32cubeide/plugins/com.st.stm32cube.ide.mcu.externaltools.gnu-tools-for-stm32.10.3-2021.10.win32_1.0.200.202301161003/tools/bin/../lib/gcc/arm-none-eabi/10.3.1/../../../../arm-none-eabi/lib/thumb/v7e-m+fp/hard\libc_nano.a(lib_a-impure.o)
 *(.RamFunc)
 *(.RamFunc*)
                0x000000002000007c                . = ALIGN (0x4)
                0x000000002000007c                _edata = .
                0x0000000008004458                _siccmram = LOADADDR (.ccmram)

.igot.plt       0x000000002000007c        0x0 load address 0x0000000008004458
 .igot.plt      0x000000002000007c        0x0 c:/st/stm32cubeide_1.10.1/stm32cubeide/plugins/com.st.stm32cube.ide.mcu.externaltools.gnu-tools-for-stm32.10.3-2021.10.win32_1.0.200.202301161003/tools/bin/../lib/gcc/arm-none-eabi/10.3.1/thumb/v7e-m+fp/hard/crtbegin.o

.ccmram         0x0000000010000000        0x0 load address 0x0000000008004458
                0x0000000010000000                . = ALIGN (0x4)
                0x0000000010000000                _sccmram = .
 *(.ccmram)
 *(.ccmram*)
                0x0000000010000000                . = ALIGN (0x4)
                0x0000000010000000                _eccmram = .
                0x0000000010000000                . = ALIGN (0x4)

.bss            0x000000002000007c      0x4d0
                0x000000002000007c                _sbss = .
                0x000000002000007c                __bss_start__ = _sbss
 *(.bss)
 .bss           0x000000002000007c       0x1c c:/st/stm32cubeide_1.10.1/stm32cubeide/plugins/com.st.stm32cube.ide.mcu.externaltools.gnu-tools-for-stm32.10.3-2021.10.win32_1.0.200.202301161003/tools/bin/../lib/gcc/arm-none-eabi/10.3.1/thumb/v7e-m+fp/hard/crtbegin.o
 *(.bss*)
 .bss.hi2c1     0x0000000020000098       0x54 ./Core/Src/i2c.o
                0x0000000020000098                hi2c1
 .bss.OLED      0x00000000200000ec        0x4 ./Core/Src/oled.o
 .bss.OLED_buffer
                0x00000000200000f0      0x400 ./Core/Src/oled.o
 .bss.__sbrk_heap_end
                0x00000000200004f0        0x4 ./Core/Src/sysmem.o
 .bss.huart6    0x00000000200004f4       0x44 ./Core/Src/usart.o
                0x00000000200004f4                huart6
 .bss.uwTick    0x0000000020000538        0x4 ./Drivers/STM32F4xx_HAL_Driver/Src/stm32f4xx_hal.o
                0x0000000020000538                uwTick
 .bss.__malloc_free_list
                0x000000002000053c        0x4 c:/st/stm32cubeide_1.10.1/stm32cubeide/plugins/com.st.stm32cube.ide.mcu.externaltools.gnu-tools-for-stm32.10.3-2021.10.win32_1.0.200.202301161003/tools/bin/../lib/gcc/arm-none-eabi/10.3.1/../../../../arm-none-eabi/lib/thumb/v7e-m+fp/hard\libc_nano.a(lib_a-nano-mallocr.o)
                0x000000002000053c                __malloc_free_list
 .bss.__malloc_sbrk_start
                0x0000000020000540        0x4 c:/st/stm32cubeide_1.10.1/stm32cubeide/plugins/com.st.stm32cube.ide.mcu.externaltools.gnu-tools-for-stm32.10.3-2021.10.win32_1.0.200.202301161003/tools/bin/../lib/gcc/arm-none-eabi/10.3.1/../../../../arm-none-eabi/lib/thumb/v7e-m+fp/hard\libc_nano.a(lib_a-nano-mallocr.o)
                0x0000000020000540                __malloc_sbrk_start
 .bss.errno     0x0000000020000544        0x4 c:/st/stm32cubeide_1.10.1/stm32cubeide/plugins/com.st.stm32cube.ide.mcu.externaltools.gnu-tools-for-stm32.10.3-2021.10.win32_1.0.200.202301161003/tools/bin/../lib/gcc/arm-none-eabi/10.3.1/../../../../arm-none-eabi/lib/thumb/v7e-m+fp/hard\libc_nano.a(lib_a-reent.o)
                0x0000000020000544                errno
 .bss.__lock___malloc_recursive_mutex
                0x0000000020000548        0x1 c:/st/stm32cubeide_1.10.1/stm32cubeide/plugins/com.st.stm32cube.ide.mcu.externaltools.gnu-tools-for-stm32.10.3-2021.10.win32_1.0.200.202301161003/tools/bin/../lib/gcc/arm-none-eabi/10.3.1/../../../../arm-none-eabi/lib/thumb/v7e-m+fp/hard\libc_nano.a(lib_a-lock.o)
                0x0000000020000548                __lock___malloc_recursive_mutex
 *(COMMON)
                0x000000002000054c                . = ALIGN (0x4)
 *fill*         0x0000000020000549        0x3 
                0x000000002000054c                _ebss = .
                0x000000002000054c                __bss_end__ = _ebss

._user_heap_stack
                0x000000002000054c      0x604
                0x0000000020000550                . = ALIGN (0x8)
 *fill*         0x000000002000054c        0x4 
                [!provide]                        PROVIDE (end = .)
                0x0000000020000550                PROVIDE (_end = .)
                0x0000000020000750                . = (. + _Min_Heap_Size)
 *fill*         0x0000000020000550      0x200 
                0x0000000020000b50                . = (. + _Min_Stack_Size)
 *fill*         0x0000000020000750      0x400 
                0x0000000020000b50                . = ALIGN (0x8)

/DISCARD/
 libc.a(*)
 libm.a(*)
 libgcc.a(*)

.ARM.attributes
                0x0000000000000000       0x30
 *(.ARM.attributes)
 .ARM.attributes
                0x0000000000000000       0x1e c:/st/stm32cubeide_1.10.1/stm32cubeide/plugins/com.st.stm32cube.ide.mcu.externaltools.gnu-tools-for-stm32.10.3-2021.10.win32_1.0.200.202301161003/tools/bin/../lib/gcc/arm-none-eabi/10.3.1/thumb/v7e-m+fp/hard/crti.o
 .ARM.attributes
                0x000000000000001e       0x34 c:/st/stm32cubeide_1.10.1/stm32cubeide/plugins/com.st.stm32cube.ide.mcu.externaltools.gnu-tools-for-stm32.10.3-2021.10.win32_1.0.200.202301161003/tools/bin/../lib/gcc/arm-none-eabi/10.3.1/thumb/v7e-m+fp/hard/crtbegin.o
 .ARM.attributes
                0x0000000000000052       0x34 ./Core/Src/fonts.o
 .ARM.attributes
                0x0000000000000086       0x34 ./Core/Src/gpio.o
 .ARM.attributes
                0x00000000000000ba       0x34 ./Core/Src/i2c.o
 .ARM.attributes
                0x00000000000000ee       0x34 ./Core/Src/kb.o
 .ARM.attributes
                0x0000000000000122       0x34 ./Core/Src/main.o
 .ARM.attributes
                0x0000000000000156       0x34 ./Core/Src/oled.o
 .ARM.attributes
                0x000000000000018a       0x34 ./Core/Src/pca9538.o
 .ARM.attributes
                0x00000000000001be       0x34 ./Core/Src/sdk_usart.o
 .ARM.attributes
                0x00000000000001f2       0x34 ./Core/Src/stm32f4xx_hal_msp.o
 .ARM.attributes
                0x0000000000000226       0x34 ./Core/Src/stm32f4xx_it.o
 .ARM.attributes
                0x000000000000025a       0x34 ./Core/Src/sysmem.o
 .ARM.attributes
                0x000000000000028e       0x34 ./Core/Src/system_stm32f4xx.o
 .ARM.attributes
                0x00000000000002c2       0x34 ./Core/Src/usart.o
 .ARM.attributes
                0x00000000000002f6       0x21 ./Core/Startup/startup_stm32f427vitx.o
 .ARM.attributes
                0x0000000000000317       0x34 ./Drivers/STM32F4xx_HAL_Driver/Src/stm32f4xx_hal.o
 .ARM.attributes
                0x000000000000034b       0x34 ./Drivers/STM32F4xx_HAL_Driver/Src/stm32f4xx_hal_cortex.o
 .ARM.attributes
                0x000000000000037f       0x34 ./Drivers/STM32F4xx_HAL_Driver/Src/stm32f4xx_hal_gpio.o
 .ARM.attributes
                0x00000000000003b3       0x34 ./Drivers/STM32F4xx_HAL_Driver/Src/stm32f4xx_hal_i2c.o
 .ARM.attributes
                0x00000000000003e7       0x34 ./Drivers/STM32F4xx_HAL_Driver/Src/stm32f4xx_hal_i2c_ex.o
 .ARM.attributes
                0x000000000000041b       0x34 ./Drivers/STM32F4xx_HAL_Driver/Src/stm32f4xx_hal_rcc.o
 .ARM.attributes
                0x000000000000044f       0x34 ./Drivers/STM32F4xx_HAL_Driver/Src/stm32f4xx_hal_uart.o
 .ARM.attributes
                0x0000000000000483       0x34 c:/st/stm32cubeide_1.10.1/stm32cubeide/plugins/com.st.stm32cube.ide.mcu.externaltools.gnu-tools-for-stm32.10.3-2021.10.win32_1.0.200.202301161003/tools/bin/../lib/gcc/arm-none-eabi/10.3.1/../../../../arm-none-eabi/lib/thumb/v7e-m+fp/hard\libc_nano.a(lib_a-errno.o)
 .ARM.attributes
                0x00000000000004b7       0x34 c:/st/stm32cubeide_1.10.1/stm32cubeide/plugins/com.st.stm32cube.ide.mcu.externaltools.gnu-tools-for-stm32.10.3-2021.10.win32_1.0.200.202301161003/tools/bin/../lib/gcc/arm-none-eabi/10.3.1/../../../../arm-none-eabi/lib/thumb/v7e-m+fp/hard\libc_nano.a(lib_a-impure.o)
 .ARM.attributes
                0x00000000000004eb       0x34 c:/st/stm32cubeide_1.10.1/stm32cubeide/plugins/com.st.stm32cube.ide.mcu.externaltools.gnu-tools-for-stm32.10.3-2021.10.win32_1.0.200.202301161003/tools/bin/../lib/gcc/arm-none-eabi/10.3.1/../../../../arm-none-eabi/lib/thumb/v7e-m+fp/hard\libc_nano.a(lib_a-init.o)
 .ARM.attributes
                0x000000000000051f       0x34 c:/st/stm32cubeide_1.10.1/stm32cubeide/plugins/com.st.stm32cube.ide.mcu.externaltools.gnu-tools-for-stm32.10.3-2021.10.win32_1.0.200.202301161003/tools/bin/../lib/gcc/arm-none-eabi/10.3.1/../../../../arm-none-eabi/lib/thumb/v7e-m+fp/hard\libc_nano.a(lib_a-memset.o)
 .ARM.attributes
                0x0000000000000553       0x34 c:/st/stm32cubeide_1.10.1/stm32cubeide/plugins/com.st.stm32cube.ide.mcu.externaltools.gnu-tools-for-stm32.10.3-2021.10.win32_1.0.200.202301161003/tools/bin/../lib/gcc/arm-none-eabi/10.3.1/../../../../arm-none-eabi/lib/thumb/v7e-m+fp/hard\libc_nano.a(lib_a-sprintf.o)
 .ARM.attributes
                0x0000000000000587       0x17 c:/st/stm32cubeide_1.10.1/stm32cubeide/plugins/com.st.stm32cube.ide.mcu.externaltools.gnu-tools-for-stm32.10.3-2021.10.win32_1.0.200.202301161003/tools/bin/../lib/gcc/arm-none-eabi/10.3.1/../../../../arm-none-eabi/lib/thumb/v7e-m+fp/hard\libc_nano.a(lib_a-strlen.o)
 .ARM.attributes
                0x000000000000059e       0x34 c:/st/stm32cubeide_1.10.1/stm32cubeide/plugins/com.st.stm32cube.ide.mcu.externaltools.gnu-tools-for-stm32.10.3-2021.10.win32_1.0.200.202301161003/tools/bin/../lib/gcc/arm-none-eabi/10.3.1/../../../../arm-none-eabi/lib/thumb/v7e-m+fp/hard\libc_nano.a(lib_a-nano-svfprintf.o)
 .ARM.attributes
                0x00000000000005d2       0x34 c:/st/stm32cubeide_1.10.1/stm32cubeide/plugins/com.st.stm32cube.ide.mcu.externaltools.gnu-tools-for-stm32.10.3-2021.10.win32_1.0.200.202301161003/tools/bin/../lib/gcc/arm-none-eabi/10.3.1/../../../../arm-none-eabi/lib/thumb/v7e-m+fp/hard\libc_nano.a(lib_a-nano-vfprintf_i.o)
 .ARM.attributes
                0x0000000000000606       0x1c c:/st/stm32cubeide_1.10.1/stm32cubeide/plugins/com.st.stm32cube.ide.mcu.externaltools.gnu-tools-for-stm32.10.3-2021.10.win32_1.0.200.202301161003/tools/bin/../lib/gcc/arm-none-eabi/10.3.1/../../../../arm-none-eabi/lib/thumb/v7e-m+fp/hard\libc_nano.a(lib_a-memchr.o)
 .ARM.attributes
                0x0000000000000622       0x34 c:/st/stm32cubeide_1.10.1/stm32cubeide/plugins/com.st.stm32cube.ide.mcu.externaltools.gnu-tools-for-stm32.10.3-2021.10.win32_1.0.200.202301161003/tools/bin/../lib/gcc/arm-none-eabi/10.3.1/../../../../arm-none-eabi/lib/thumb/v7e-m+fp/hard\libc_nano.a(lib_a-memcpy-stub.o)
 .ARM.attributes
                0x0000000000000656       0x34 c:/st/stm32cubeide_1.10.1/stm32cubeide/plugins/com.st.stm32cube.ide.mcu.externaltools.gnu-tools-for-stm32.10.3-2021.10.win32_1.0.200.202301161003/tools/bin/../lib/gcc/arm-none-eabi/10.3.1/../../../../arm-none-eabi/lib/thumb/v7e-m+fp/hard\libc_nano.a(lib_a-memmove.o)
 .ARM.attributes
                0x000000000000068a       0x34 c:/st/stm32cubeide_1.10.1/stm32cubeide/plugins/com.st.stm32cube.ide.mcu.externaltools.gnu-tools-for-stm32.10.3-2021.10.win32_1.0.200.202301161003/tools/bin/../lib/gcc/arm-none-eabi/10.3.1/../../../../arm-none-eabi/lib/thumb/v7e-m+fp/hard\libc_nano.a(lib_a-nano-freer.o)
 .ARM.attributes
                0x00000000000006be       0x34 c:/st/stm32cubeide_1.10.1/stm32cubeide/plugins/com.st.stm32cube.ide.mcu.externaltools.gnu-tools-for-stm32.10.3-2021.10.win32_1.0.200.202301161003/tools/bin/../lib/gcc/arm-none-eabi/10.3.1/../../../../arm-none-eabi/lib/thumb/v7e-m+fp/hard\libc_nano.a(lib_a-nano-mallocr.o)
 .ARM.attributes
                0x00000000000006f2       0x34 c:/st/stm32cubeide_1.10.1/stm32cubeide/plugins/com.st.stm32cube.ide.mcu.externaltools.gnu-tools-for-stm32.10.3-2021.10.win32_1.0.200.202301161003/tools/bin/../lib/gcc/arm-none-eabi/10.3.1/../../../../arm-none-eabi/lib/thumb/v7e-m+fp/hard\libc_nano.a(lib_a-nano-reallocr.o)
 .ARM.attributes
                0x0000000000000726       0x34 c:/st/stm32cubeide_1.10.1/stm32cubeide/plugins/com.st.stm32cube.ide.mcu.externaltools.gnu-tools-for-stm32.10.3-2021.10.win32_1.0.200.202301161003/tools/bin/../lib/gcc/arm-none-eabi/10.3.1/../../../../arm-none-eabi/lib/thumb/v7e-m+fp/hard\libc_nano.a(lib_a-sbrkr.o)
 .ARM.attributes
                0x000000000000075a       0x34 c:/st/stm32cubeide_1.10.1/stm32cubeide/plugins/com.st.stm32cube.ide.mcu.externaltools.gnu-tools-for-stm32.10.3-2021.10.win32_1.0.200.202301161003/tools/bin/../lib/gcc/arm-none-eabi/10.3.1/../../../../arm-none-eabi/lib/thumb/v7e-m+fp/hard\libc_nano.a(lib_a-mlock.o)
 .ARM.attributes
                0x000000000000078e       0x34 c:/st/stm32cubeide_1.10.1/stm32cubeide/plugins/com.st.stm32cube.ide.mcu.externaltools.gnu-tools-for-stm32.10.3-2021.10.win32_1.0.200.202301161003/tools/bin/../lib/gcc/arm-none-eabi/10.3.1/../../../../arm-none-eabi/lib/thumb/v7e-m+fp/hard\libc_nano.a(lib_a-nano-msizer.o)
 .ARM.attributes
                0x00000000000007c2       0x34 c:/st/stm32cubeide_1.10.1/stm32cubeide/plugins/com.st.stm32cube.ide.mcu.externaltools.gnu-tools-for-stm32.10.3-2021.10.win32_1.0.200.202301161003/tools/bin/../lib/gcc/arm-none-eabi/10.3.1/../../../../arm-none-eabi/lib/thumb/v7e-m+fp/hard\libc_nano.a(lib_a-reent.o)
 .ARM.attributes
                0x00000000000007f6       0x34 c:/st/stm32cubeide_1.10.1/stm32cubeide/plugins/com.st.stm32cube.ide.mcu.externaltools.gnu-tools-for-stm32.10.3-2021.10.win32_1.0.200.202301161003/tools/bin/../lib/gcc/arm-none-eabi/10.3.1/../../../../arm-none-eabi/lib/thumb/v7e-m+fp/hard\libc_nano.a(lib_a-lock.o)
 .ARM.attributes
                0x000000000000082a       0x1e c:/st/stm32cubeide_1.10.1/stm32cubeide/plugins/com.st.stm32cube.ide.mcu.externaltools.gnu-tools-for-stm32.10.3-2021.10.win32_1.0.200.202301161003/tools/bin/../lib/gcc/arm-none-eabi/10.3.1/thumb/v7e-m+fp/hard\libgcc.a(_aeabi_uldivmod.o)
 .ARM.attributes
                0x0000000000000848       0x34 c:/st/stm32cubeide_1.10.1/stm32cubeide/plugins/com.st.stm32cube.ide.mcu.externaltools.gnu-tools-for-stm32.10.3-2021.10.win32_1.0.200.202301161003/tools/bin/../lib/gcc/arm-none-eabi/10.3.1/thumb/v7e-m+fp/hard\libgcc.a(_udivmoddi4.o)
 .ARM.attributes
                0x000000000000087c       0x1e c:/st/stm32cubeide_1.10.1/stm32cubeide/plugins/com.st.stm32cube.ide.mcu.externaltools.gnu-tools-for-stm32.10.3-2021.10.win32_1.0.200.202301161003/tools/bin/../lib/gcc/arm-none-eabi/10.3.1/thumb/v7e-m+fp/hard\libgcc.a(_dvmd_tls.o)
 .ARM.attributes
                0x000000000000089a       0x1e c:/st/stm32cubeide_1.10.1/stm32cubeide/plugins/com.st.stm32cube.ide.mcu.externaltools.gnu-tools-for-stm32.10.3-2021.10.win32_1.0.200.202301161003/tools/bin/../lib/gcc/arm-none-eabi/10.3.1/thumb/v7e-m+fp/hard/crtn.o
OUTPUT(se-itmo-embedsys-calc.elf elf32-littlearm)
LOAD linker stubs
LOAD c:/st/stm32cubeide_1.10.1/stm32cubeide/plugins/com.st.stm32cube.ide.mcu.externaltools.gnu-tools-for-stm32.10.3-2021.10.win32_1.0.200.202301161003/tools/bin/../lib/gcc/arm-none-eabi/10.3.1/../../../../arm-none-eabi/lib/thumb/v7e-m+fp/hard\libc.a
LOAD c:/st/stm32cubeide_1.10.1/stm32cubeide/plugins/com.st.stm32cube.ide.mcu.externaltools.gnu-tools-for-stm32.10.3-2021.10.win32_1.0.200.202301161003/tools/bin/../lib/gcc/arm-none-eabi/10.3.1/../../../../arm-none-eabi/lib/thumb/v7e-m+fp/hard\libm.a
LOAD c:/st/stm32cubeide_1.10.1/stm32cubeide/plugins/com.st.stm32cube.ide.mcu.externaltools.gnu-tools-for-stm32.10.3-2021.10.win32_1.0.200.202301161003/tools/bin/../lib/gcc/arm-none-eabi/10.3.1/thumb/v7e-m+fp/hard\libgcc.a

.debug_info     0x0000000000000000     0xcc8f
 .debug_info    0x0000000000000000      0x12e ./Core/Src/fonts.o
 .debug_info    0x000000000000012e      0x2fe ./Core/Src/gpio.o
 .debug_info    0x000000000000042c      0xa6e ./Core/Src/i2c.o
 .debug_info    0x0000000000000e9a      0x2b3 ./Core/Src/kb.o
 .debug_info    0x000000000000114d      0x68d ./Core/Src/main.o
 .debug_info    0x00000000000017da      0x953 ./Core/Src/oled.o
 .debug_info    0x000000000000212d      0x87f ./Core/Src/pca9538.o
 .debug_info    0x00000000000029ac      0x6b2 ./Core/Src/sdk_usart.o
 .debug_info    0x000000000000305e      0x2c4 ./Core/Src/stm32f4xx_hal_msp.o
 .debug_info    0x0000000000003322      0x121 ./Core/Src/stm32f4xx_it.o
 .debug_info    0x0000000000003443      0x171 ./Core/Src/sysmem.o
 .debug_info    0x00000000000035b4      0x53f ./Core/Src/system_stm32f4xx.o
 .debug_info    0x0000000000003af3      0x9bc ./Core/Src/usart.o
 .debug_info    0x00000000000044af       0x22 ./Core/Startup/startup_stm32f427vitx.o
 .debug_info    0x00000000000044d1      0x9e8 ./Drivers/STM32F4xx_HAL_Driver/Src/stm32f4xx_hal.o
 .debug_info    0x0000000000004eb9      0xe45 ./Drivers/STM32F4xx_HAL_Driver/Src/stm32f4xx_hal_cortex.o
 .debug_info    0x0000000000005cfe      0x786 ./Drivers/STM32F4xx_HAL_Driver/Src/stm32f4xx_hal_gpio.o
 .debug_info    0x0000000000006484     0x2617 ./Drivers/STM32F4xx_HAL_Driver/Src/stm32f4xx_hal_i2c.o
 .debug_info    0x0000000000008a9b      0x6b6 ./Drivers/STM32F4xx_HAL_Driver/Src/stm32f4xx_hal_i2c_ex.o
 .debug_info    0x0000000000009151      0x982 ./Drivers/STM32F4xx_HAL_Driver/Src/stm32f4xx_hal_rcc.o
 .debug_info    0x0000000000009ad3     0x31bc ./Drivers/STM32F4xx_HAL_Driver/Src/stm32f4xx_hal_uart.o

.debug_abbrev   0x0000000000000000     0x21b0
 .debug_abbrev  0x0000000000000000       0xad ./Core/Src/fonts.o
 .debug_abbrev  0x00000000000000ad       0xd4 ./Core/Src/gpio.o
 .debug_abbrev  0x0000000000000181      0x1f7 ./Core/Src/i2c.o
 .debug_abbrev  0x0000000000000378      0x115 ./Core/Src/kb.o
 .debug_abbrev  0x000000000000048d      0x23f ./Core/Src/main.o
 .debug_abbrev  0x00000000000006cc      0x1ff ./Core/Src/oled.o
 .debug_abbrev  0x00000000000008cb      0x1c8 ./Core/Src/pca9538.o
 .debug_abbrev  0x0000000000000a93      0x1a3 ./Core/Src/sdk_usart.o
 .debug_abbrev  0x0000000000000c36       0xd4 ./Core/Src/stm32f4xx_hal_msp.o
 .debug_abbrev  0x0000000000000d0a       0x74 ./Core/Src/stm32f4xx_it.o
 .debug_abbrev  0x0000000000000d7e       0xbb ./Core/Src/sysmem.o
 .debug_abbrev  0x0000000000000e39      0x116 ./Core/Src/system_stm32f4xx.o
 .debug_abbrev  0x0000000000000f4f      0x1e7 ./Core/Src/usart.o
 .debug_abbrev  0x0000000000001136       0x12 ./Core/Startup/startup_stm32f427vitx.o
 .debug_abbrev  0x0000000000001148      0x20d ./Drivers/STM32F4xx_HAL_Driver/Src/stm32f4xx_hal.o
 .debug_abbrev  0x0000000000001355      0x316 ./Drivers/STM32F4xx_HAL_Driver/Src/stm32f4xx_hal_cortex.o
 .debug_abbrev  0x000000000000166b      0x1c4 ./Drivers/STM32F4xx_HAL_Driver/Src/stm32f4xx_hal_gpio.o
 .debug_abbrev  0x000000000000182f      0x297 ./Drivers/STM32F4xx_HAL_Driver/Src/stm32f4xx_hal_i2c.o
 .debug_abbrev  0x0000000000001ac6      0x14c ./Drivers/STM32F4xx_HAL_Driver/Src/stm32f4xx_hal_i2c_ex.o
 .debug_abbrev  0x0000000000001c12      0x2aa ./Drivers/STM32F4xx_HAL_Driver/Src/stm32f4xx_hal_rcc.o
 .debug_abbrev  0x0000000000001ebc      0x2f4 ./Drivers/STM32F4xx_HAL_Driver/Src/stm32f4xx_hal_uart.o

.debug_aranges  0x0000000000000000      0xa60
 .debug_aranges
                0x0000000000000000       0x18 ./Core/Src/fonts.o
 .debug_aranges
                0x0000000000000018       0x20 ./Core/Src/gpio.o
 .debug_aranges
                0x0000000000000038       0x30 ./Core/Src/i2c.o
 .debug_aranges
                0x0000000000000068       0x28 ./Core/Src/kb.o
 .debug_aranges
                0x0000000000000090       0x30 ./Core/Src/main.o
 .debug_aranges
                0x00000000000000c0       0x58 ./Core/Src/oled.o
 .debug_aranges
                0x0000000000000118       0x40 ./Core/Src/pca9538.o
 .debug_aranges
                0x0000000000000158       0x28 ./Core/Src/sdk_usart.o
 .debug_aranges
                0x0000000000000180       0x20 ./Core/Src/stm32f4xx_hal_msp.o
 .debug_aranges
                0x00000000000001a0       0x60 ./Core/Src/stm32f4xx_it.o
 .debug_aranges
                0x0000000000000200       0x20 ./Core/Src/sysmem.o
 .debug_aranges
                0x0000000000000220       0x28 ./Core/Src/system_stm32f4xx.o
 .debug_aranges
                0x0000000000000248       0x30 ./Core/Src/usart.o
 .debug_aranges
                0x0000000000000278       0x28 ./Core/Startup/startup_stm32f427vitx.o
 .debug_aranges
                0x00000000000002a0      0x100 ./Drivers/STM32F4xx_HAL_Driver/Src/stm32f4xx_hal.o
 .debug_aranges
                0x00000000000003a0      0x118 ./Drivers/STM32F4xx_HAL_Driver/Src/stm32f4xx_hal_cortex.o
 .debug_aranges
                0x00000000000004b8       0x58 ./Drivers/STM32F4xx_HAL_Driver/Src/stm32f4xx_hal_gpio.o
 .debug_aranges
                0x0000000000000510      0x2a0 ./Drivers/STM32F4xx_HAL_Driver/Src/stm32f4xx_hal_i2c.o
 .debug_aranges
                0x00000000000007b0       0x28 ./Drivers/STM32F4xx_HAL_Driver/Src/stm32f4xx_hal_i2c_ex.o
 .debug_aranges
                0x00000000000007d8       0x88 ./Drivers/STM32F4xx_HAL_Driver/Src/stm32f4xx_hal_rcc.o
 .debug_aranges
                0x0000000000000860      0x200 ./Drivers/STM32F4xx_HAL_Driver/Src/stm32f4xx_hal_uart.o

.debug_macro    0x0000000000000000    0x23b53
 .debug_macro   0x0000000000000000      0x1dd ./Core/Src/fonts.o
 .debug_macro   0x00000000000001dd      0xa78 ./Core/Src/fonts.o
 .debug_macro   0x0000000000000c55      0x29b ./Core/Src/fonts.o
 .debug_macro   0x0000000000000ef0       0x2e ./Core/Src/fonts.o
 .debug_macro   0x0000000000000f1e       0x28 ./Core/Src/fonts.o
 .debug_macro   0x0000000000000f46       0x22 ./Core/Src/fonts.o
 .debug_macro   0x0000000000000f68       0x8e ./Core/Src/fonts.o
 .debug_macro   0x0000000000000ff6       0x51 ./Core/Src/fonts.o
 .debug_macro   0x0000000000001047      0x103 ./Core/Src/fonts.o
 .debug_macro   0x000000000000114a       0x6a ./Core/Src/fonts.o
 .debug_macro   0x00000000000011b4      0x1df ./Core/Src/fonts.o
 .debug_macro   0x0000000000001393       0x1c ./Core/Src/fonts.o
 .debug_macro   0x00000000000013af       0x22 ./Core/Src/fonts.o
 .debug_macro   0x00000000000013d1       0xd9 ./Core/Src/fonts.o
 .debug_macro   0x00000000000014aa     0x102d ./Core/Src/fonts.o
 .debug_macro   0x00000000000024d7      0x11f ./Core/Src/fonts.o
 .debug_macro   0x00000000000025f6    0x178a0 ./Core/Src/fonts.o
 .debug_macro   0x0000000000019e96       0x6d ./Core/Src/fonts.o
 .debug_macro   0x0000000000019f03     0x36f5 ./Core/Src/fonts.o
 .debug_macro   0x000000000001d5f8      0x174 ./Core/Src/fonts.o
 .debug_macro   0x000000000001d76c       0x5c ./Core/Src/fonts.o
 .debug_macro   0x000000000001d7c8      0xc6d ./Core/Src/fonts.o
 .debug_macro   0x000000000001e435      0x9fe ./Core/Src/fonts.o
 .debug_macro   0x000000000001ee33      0x115 ./Core/Src/fonts.o
 .debug_macro   0x000000000001ef48      0x16f ./Core/Src/fonts.o
 .debug_macro   0x000000000001f0b7       0xa5 ./Core/Src/fonts.o
 .debug_macro   0x000000000001f15c      0x182 ./Core/Src/fonts.o
 .debug_macro   0x000000000001f2de      0x287 ./Core/Src/fonts.o
 .debug_macro   0x000000000001f565       0x5f ./Core/Src/fonts.o
 .debug_macro   0x000000000001f5c4      0x236 ./Core/Src/fonts.o
 .debug_macro   0x000000000001f7fa      0x132 ./Core/Src/fonts.o
 .debug_macro   0x000000000001f92c      0x41d ./Core/Src/fonts.o
 .debug_macro   0x000000000001fd49       0x2e ./Core/Src/fonts.o
 .debug_macro   0x000000000001fd77      0x1b5 ./Core/Src/fonts.o
 .debug_macro   0x000000000001ff2c       0x22 ./Core/Src/fonts.o
 .debug_macro   0x000000000001ff4e       0xd6 ./Core/Src/fonts.o
 .debug_macro   0x0000000000020024      0x11a ./Core/Src/fonts.o
 .debug_macro   0x000000000002013e       0xe2 ./Core/Src/fonts.o
 .debug_macro   0x0000000000020220       0x89 ./Core/Src/fonts.o
 .debug_macro   0x00000000000202a9      0x295 ./Core/Src/fonts.o
 .debug_macro   0x000000000002053e      0x134 ./Core/Src/fonts.o
 .debug_macro   0x0000000000020672      0x1e7 ./Core/Src/gpio.o
 .debug_macro   0x0000000000020859      0x1e7 ./Core/Src/i2c.o
 .debug_macro   0x0000000000020a40      0x36c ./Core/Src/kb.o
 .debug_macro   0x0000000000020dac       0x16 ./Core/Src/kb.o
 .debug_macro   0x0000000000020dc2       0x16 ./Core/Src/kb.o
 .debug_macro   0x0000000000020dd8       0x52 ./Core/Src/kb.o
 .debug_macro   0x0000000000020e2a       0x1e ./Core/Src/kb.o
 .debug_macro   0x0000000000020e48       0x3c ./Core/Src/kb.o
 .debug_macro   0x0000000000020e84       0x34 ./Core/Src/kb.o
 .debug_macro   0x0000000000020eb8       0x16 ./Core/Src/kb.o
 .debug_macro   0x0000000000020ece       0x35 ./Core/Src/kb.o
 .debug_macro   0x0000000000020f03      0x341 ./Core/Src/kb.o
 .debug_macro   0x0000000000021244       0x10 ./Core/Src/kb.o
 .debug_macro   0x0000000000021254       0x16 ./Core/Src/kb.o
 .debug_macro   0x000000000002126a       0x43 ./Core/Src/kb.o
 .debug_macro   0x00000000000212ad       0x34 ./Core/Src/kb.o
 .debug_macro   0x00000000000212e1       0x10 ./Core/Src/kb.o
 .debug_macro   0x00000000000212f1       0x58 ./Core/Src/kb.o
 .debug_macro   0x0000000000021349       0x71 ./Core/Src/kb.o
 .debug_macro   0x00000000000213ba       0x1c ./Core/Src/kb.o
 .debug_macro   0x00000000000213d6      0x12a ./Core/Src/kb.o
 .debug_macro   0x0000000000021500       0x10 ./Core/Src/kb.o
 .debug_macro   0x0000000000021510       0x1c ./Core/Src/kb.o
 .debug_macro   0x000000000002152c       0x52 ./Core/Src/kb.o
 .debug_macro   0x000000000002157e       0x22 ./Core/Src/kb.o
 .debug_macro   0x00000000000215a0       0x10 ./Core/Src/kb.o
 .debug_macro   0x00000000000215b0       0x52 ./Core/Src/kb.o
 .debug_macro   0x0000000000021602       0xd5 ./Core/Src/kb.o
 .debug_macro   0x00000000000216d7       0x1c ./Core/Src/kb.o
 .debug_macro   0x00000000000216f3       0x3d ./Core/Src/kb.o
 .debug_macro   0x0000000000021730       0x16 ./Core/Src/kb.o
 .debug_macro   0x0000000000021746      0x145 ./Core/Src/kb.o
 .debug_macro   0x000000000002188b      0x384 ./Core/Src/main.o
 .debug_macro   0x0000000000021c0f       0x22 ./Core/Src/main.o
 .debug_macro   0x0000000000021c31      0x1e6 ./Core/Src/oled.o
 .debug_macro   0x0000000000021e17      0x1fe ./Core/Src/pca9538.o
 .debug_macro   0x0000000000022015      0x2bf ./Core/Src/sdk_usart.o
 .debug_macro   0x00000000000222d4       0x10 ./Core/Src/sdk_usart.o
 .debug_macro   0x00000000000222e4       0x20 ./Core/Src/sdk_usart.o
 .debug_macro   0x0000000000022304      0x1dd ./Core/Src/stm32f4xx_hal_msp.o
 .debug_macro   0x00000000000224e1      0x1e7 ./Core/Src/stm32f4xx_it.o
 .debug_macro   0x00000000000226c8       0xff ./Core/Src/sysmem.o
 .debug_macro   0x00000000000227c7      0x23b ./Core/Src/sysmem.o
 .debug_macro   0x0000000000022a02      0x1d3 ./Core/Src/system_stm32f4xx.o
 .debug_macro   0x0000000000022bd5      0x1e7 ./Core/Src/usart.o
 .debug_macro   0x0000000000022dbc      0x233 ./Drivers/STM32F4xx_HAL_Driver/Src/stm32f4xx_hal.o
 .debug_macro   0x0000000000022fef      0x1d3 ./Drivers/STM32F4xx_HAL_Driver/Src/stm32f4xx_hal_cortex.o
 .debug_macro   0x00000000000231c2      0x1d9 ./Drivers/STM32F4xx_HAL_Driver/Src/stm32f4xx_hal_gpio.o
 .debug_macro   0x000000000002339b      0x21a ./Drivers/STM32F4xx_HAL_Driver/Src/stm32f4xx_hal_i2c.o
 .debug_macro   0x00000000000235b5      0x1d3 ./Drivers/STM32F4xx_HAL_Driver/Src/stm32f4xx_hal_i2c_ex.o
 .debug_macro   0x0000000000023788      0x1f7 ./Drivers/STM32F4xx_HAL_Driver/Src/stm32f4xx_hal_rcc.o
 .debug_macro   0x000000000002397f      0x1d4 ./Drivers/STM32F4xx_HAL_Driver/Src/stm32f4xx_hal_uart.o

.debug_line     0x0000000000000000     0xfbd2
 .debug_line    0x0000000000000000      0x6a0 ./Core/Src/fonts.o
 .debug_line    0x00000000000006a0      0x6c2 ./Core/Src/gpio.o
 .debug_line    0x0000000000000d62      0x740 ./Core/Src/i2c.o
 .debug_line    0x00000000000014a2      0x966 ./Core/Src/kb.o
 .debug_line    0x0000000000001e08      0x969 ./Core/Src/main.o
 .debug_line    0x0000000000002771      0x8b3 ./Core/Src/oled.o
 .debug_line    0x0000000000003024      0x791 ./Core/Src/pca9538.o
 .debug_line    0x00000000000037b5      0x851 ./Core/Src/sdk_usart.o
 .debug_line    0x0000000000004006      0x6c3 ./Core/Src/stm32f4xx_hal_msp.o
 .debug_line    0x00000000000046c9      0x786 ./Core/Src/stm32f4xx_it.o
 .debug_line    0x0000000000004e4f      0x4f4 ./Core/Src/sysmem.o
 .debug_line    0x0000000000005343      0x745 ./Core/Src/system_stm32f4xx.o
 .debug_line    0x0000000000005a88      0x72d ./Core/Src/usart.o
 .debug_line    0x00000000000061b5       0x88 ./Core/Startup/startup_stm32f427vitx.o
 .debug_line    0x000000000000623d      0x9e1 ./Drivers/STM32F4xx_HAL_Driver/Src/stm32f4xx_hal.o
 .debug_line    0x0000000000006c1e      0xc5a ./Drivers/STM32F4xx_HAL_Driver/Src/stm32f4xx_hal_cortex.o
 .debug_line    0x0000000000007878      0xb47 ./Drivers/STM32F4xx_HAL_Driver/Src/stm32f4xx_hal_gpio.o
 .debug_line    0x00000000000083bf     0x3960 ./Drivers/STM32F4xx_HAL_Driver/Src/stm32f4xx_hal_i2c.o
 .debug_line    0x000000000000bd1f      0x73e ./Drivers/STM32F4xx_HAL_Driver/Src/stm32f4xx_hal_i2c_ex.o
 .debug_line    0x000000000000c45d      0xd25 ./Drivers/STM32F4xx_HAL_Driver/Src/stm32f4xx_hal_rcc.o
 .debug_line    0x000000000000d182     0x2a50 ./Drivers/STM32F4xx_HAL_Driver/Src/stm32f4xx_hal_uart.o

.debug_str      0x0000000000000000    0xd1da2
 .debug_str     0x0000000000000000    0xca7c1 ./Core/Src/fonts.o
                                      0xcaa3f (size before relaxing)
 .debug_str     0x00000000000ca7c1      0x152 ./Core/Src/gpio.o
                                      0xcab28 (size before relaxing)
 .debug_str     0x00000000000ca913      0x5a6 ./Core/Src/i2c.o
                                      0xcb162 (size before relaxing)
 .debug_str     0x00000000000caeb9     0x3e8a ./Core/Src/kb.o
                                      0xce8cf (size before relaxing)
 .debug_str     0x00000000000ced43      0x223 ./Core/Src/main.o
                                      0xceb9e (size before relaxing)
 .debug_str     0x00000000000cef66       0xa7 ./Core/Src/oled.o
                                      0xcb079 (size before relaxing)
 .debug_str     0x00000000000cf00d       0x7b ./Core/Src/pca9538.o
                                      0xcb063 (size before relaxing)
 .debug_str     0x00000000000cf088      0x284 ./Core/Src/sdk_usart.o
                                      0xcdd1e (size before relaxing)
 .debug_str     0x00000000000cf30c       0x2c ./Core/Src/stm32f4xx_hal_msp.o
                                      0xcab28 (size before relaxing)
 .debug_str     0x00000000000cf338       0xc9 ./Core/Src/stm32f4xx_it.o
                                      0xcaa9b (size before relaxing)
 .debug_str     0x00000000000cf401      0x4da ./Core/Src/sysmem.o
                                       0x5dc5 (size before relaxing)
 .debug_str     0x00000000000cf8db       0xdb ./Core/Src/system_stm32f4xx.o
                                      0xcabd8 (size before relaxing)
 .debug_str     0x00000000000cf9b6       0x51 ./Core/Src/usart.o
                                      0xcb088 (size before relaxing)
 .debug_str     0x00000000000cfa07       0x36 ./Core/Startup/startup_stm32f427vitx.o
                                         0x6f (size before relaxing)
 .debug_str     0x00000000000cfa3d      0xb8f ./Drivers/STM32F4xx_HAL_Driver/Src/stm32f4xx_hal.o
                                      0xcb7e4 (size before relaxing)
 .debug_str     0x00000000000d05cc      0x354 ./Drivers/STM32F4xx_HAL_Driver/Src/stm32f4xx_hal_cortex.o
                                      0xcb4c9 (size before relaxing)
 .debug_str     0x00000000000d0920      0x15d ./Drivers/STM32F4xx_HAL_Driver/Src/stm32f4xx_hal_gpio.o
                                      0xcad53 (size before relaxing)
 .debug_str     0x00000000000d0a7d      0xaf7 ./Drivers/STM32F4xx_HAL_Driver/Src/stm32f4xx_hal_i2c.o
                                      0xcbb95 (size before relaxing)
 .debug_str     0x00000000000d1574       0x3b ./Drivers/STM32F4xx_HAL_Driver/Src/stm32f4xx_hal_i2c_ex.o
                                      0xcafa7 (size before relaxing)
 .debug_str     0x00000000000d15af      0x213 ./Drivers/STM32F4xx_HAL_Driver/Src/stm32f4xx_hal_rcc.o
                                      0xcb00c (size before relaxing)
 .debug_str     0x00000000000d17c2      0x5e0 ./Drivers/STM32F4xx_HAL_Driver/Src/stm32f4xx_hal_uart.o
                                      0xcb598 (size before relaxing)

.comment        0x0000000000000000       0x50
 .comment       0x0000000000000000       0x50 ./Core/Src/fonts.o
                                         0x51 (size before relaxing)
 .comment       0x0000000000000050       0x51 ./Core/Src/gpio.o
 .comment       0x0000000000000050       0x51 ./Core/Src/i2c.o
 .comment       0x0000000000000050       0x51 ./Core/Src/kb.o
 .comment       0x0000000000000050       0x51 ./Core/Src/main.o
 .comment       0x0000000000000050       0x51 ./Core/Src/oled.o
 .comment       0x0000000000000050       0x51 ./Core/Src/pca9538.o
 .comment       0x0000000000000050       0x51 ./Core/Src/sdk_usart.o
 .comment       0x0000000000000050       0x51 ./Core/Src/stm32f4xx_hal_msp.o
 .comment       0x0000000000000050       0x51 ./Core/Src/stm32f4xx_it.o
 .comment       0x0000000000000050       0x51 ./Core/Src/sysmem.o
 .comment       0x0000000000000050       0x51 ./Core/Src/system_stm32f4xx.o
 .comment       0x0000000000000050       0x51 ./Core/Src/usart.o
 .comment       0x0000000000000050       0x51 ./Drivers/STM32F4xx_HAL_Driver/Src/stm32f4xx_hal.o
 .comment       0x0000000000000050       0x51 ./Drivers/STM32F4xx_HAL_Driver/Src/stm32f4xx_hal_cortex.o
 .comment       0x0000000000000050       0x51 ./Drivers/STM32F4xx_HAL_Driver/Src/stm32f4xx_hal_gpio.o
 .comment       0x0000000000000050       0x51 ./Drivers/STM32F4xx_HAL_Driver/Src/stm32f4xx_hal_i2c.o
 .comment       0x0000000000000050       0x51 ./Drivers/STM32F4xx_HAL_Driver/Src/stm32f4xx_hal_i2c_ex.o
 .comment       0x0000000000000050       0x51 ./Drivers/STM32F4xx_HAL_Driver/Src/stm32f4xx_hal_rcc.o
 .comment       0x0000000000000050       0x51 ./Drivers/STM32F4xx_HAL_Driver/Src/stm32f4xx_hal_uart.o

.debug_ranges   0x0000000000000000      0x958
 .debug_ranges  0x0000000000000000       0x10 ./Core/Src/gpio.o
 .debug_ranges  0x0000000000000010       0x20 ./Core/Src/i2c.o
 .debug_ranges  0x0000000000000030       0x18 ./Core/Src/kb.o
 .debug_ranges  0x0000000000000048       0x20 ./Core/Src/main.o
 .debug_ranges  0x0000000000000068       0x48 ./Core/Src/oled.o
 .debug_ranges  0x00000000000000b0       0x30 ./Core/Src/pca9538.o
 .debug_ranges  0x00000000000000e0       0x18 ./Core/Src/sdk_usart.o
 .debug_ranges  0x00000000000000f8       0x10 ./Core/Src/stm32f4xx_hal_msp.o
 .debug_ranges  0x0000000000000108       0x50 ./Core/Src/stm32f4xx_it.o
 .debug_ranges  0x0000000000000158       0x10 ./Core/Src/sysmem.o
 .debug_ranges  0x0000000000000168       0x18 ./Core/Src/system_stm32f4xx.o
 .debug_ranges  0x0000000000000180       0x20 ./Core/Src/usart.o
 .debug_ranges  0x00000000000001a0       0x20 ./Core/Startup/startup_stm32f427vitx.o
 .debug_ranges  0x00000000000001c0       0xf0 ./Drivers/STM32F4xx_HAL_Driver/Src/stm32f4xx_hal.o
 .debug_ranges  0x00000000000002b0      0x108 ./Drivers/STM32F4xx_HAL_Driver/Src/stm32f4xx_hal_cortex.o
 .debug_ranges  0x00000000000003b8       0x48 ./Drivers/STM32F4xx_HAL_Driver/Src/stm32f4xx_hal_gpio.o
 .debug_ranges  0x0000000000000400      0x2a8 ./Drivers/STM32F4xx_HAL_Driver/Src/stm32f4xx_hal_i2c.o
 .debug_ranges  0x00000000000006a8       0x18 ./Drivers/STM32F4xx_HAL_Driver/Src/stm32f4xx_hal_i2c_ex.o
 .debug_ranges  0x00000000000006c0       0x78 ./Drivers/STM32F4xx_HAL_Driver/Src/stm32f4xx_hal_rcc.o
 .debug_ranges  0x0000000000000738      0x220 ./Drivers/STM32F4xx_HAL_Driver/Src/stm32f4xx_hal_uart.o

.debug_frame    0x0000000000000000     0x2c28
 .debug_frame   0x0000000000000000       0x38 ./Core/Src/gpio.o
 .debug_frame   0x0000000000000038       0x74 ./Core/Src/i2c.o
 .debug_frame   0x00000000000000ac       0x58 ./Core/Src/kb.o
 .debug_frame   0x0000000000000104       0x6c ./Core/Src/main.o
 .debug_frame   0x0000000000000170      0x12c ./Core/Src/oled.o
 .debug_frame   0x000000000000029c       0xc4 ./Core/Src/pca9538.o
 .debug_frame   0x0000000000000360       0x58 ./Core/Src/sdk_usart.o
 .debug_frame   0x00000000000003b8       0x38 ./Core/Src/stm32f4xx_hal_msp.o
 .debug_frame   0x00000000000003f0      0x104 ./Core/Src/stm32f4xx_it.o
 .debug_frame   0x00000000000004f4       0x34 ./Core/Src/sysmem.o
 .debug_frame   0x0000000000000528       0x58 ./Core/Src/system_stm32f4xx.o
 .debug_frame   0x0000000000000580       0x74 ./Core/Src/usart.o
 .debug_frame   0x00000000000005f4      0x3b4 ./Drivers/STM32F4xx_HAL_Driver/Src/stm32f4xx_hal.o
 .debug_frame   0x00000000000009a8      0x498 ./Drivers/STM32F4xx_HAL_Driver/Src/stm32f4xx_hal_cortex.o
 .debug_frame   0x0000000000000e40      0x14c ./Drivers/STM32F4xx_HAL_Driver/Src/stm32f4xx_hal_gpio.o
 .debug_frame   0x0000000000000f8c      0xc5c ./Drivers/STM32F4xx_HAL_Driver/Src/stm32f4xx_hal_i2c.o
 .debug_frame   0x0000000000001be8       0x60 ./Drivers/STM32F4xx_HAL_Driver/Src/stm32f4xx_hal_i2c_ex.o
 .debug_frame   0x0000000000001c48      0x1f4 ./Drivers/STM32F4xx_HAL_Driver/Src/stm32f4xx_hal_rcc.o
 .debug_frame   0x0000000000001e3c      0x92c ./Drivers/STM32F4xx_HAL_Driver/Src/stm32f4xx_hal_uart.o
 .debug_frame   0x0000000000002768       0x20 c:/st/stm32cubeide_1.10.1/stm32cubeide/plugins/com.st.stm32cube.ide.mcu.externaltools.gnu-tools-for-stm32.10.3-2021.10.win32_1.0.200.202301161003/tools/bin/../lib/gcc/arm-none-eabi/10.3.1/../../../../arm-none-eabi/lib/thumb/v7e-m+fp/hard\libc_nano.a(lib_a-errno.o)
 .debug_frame   0x0000000000002788       0x2c c:/st/stm32cubeide_1.10.1/stm32cubeide/plugins/com.st.stm32cube.ide.mcu.externaltools.gnu-tools-for-stm32.10.3-2021.10.win32_1.0.200.202301161003/tools/bin/../lib/gcc/arm-none-eabi/10.3.1/../../../../arm-none-eabi/lib/thumb/v7e-m+fp/hard\libc_nano.a(lib_a-init.o)
 .debug_frame   0x00000000000027b4       0x20 c:/st/stm32cubeide_1.10.1/stm32cubeide/plugins/com.st.stm32cube.ide.mcu.externaltools.gnu-tools-for-stm32.10.3-2021.10.win32_1.0.200.202301161003/tools/bin/../lib/gcc/arm-none-eabi/10.3.1/../../../../arm-none-eabi/lib/thumb/v7e-m+fp/hard\libc_nano.a(lib_a-memset.o)
 .debug_frame   0x00000000000027d4       0x6c c:/st/stm32cubeide_1.10.1/stm32cubeide/plugins/com.st.stm32cube.ide.mcu.externaltools.gnu-tools-for-stm32.10.3-2021.10.win32_1.0.200.202301161003/tools/bin/../lib/gcc/arm-none-eabi/10.3.1/../../../../arm-none-eabi/lib/thumb/v7e-m+fp/hard\libc_nano.a(lib_a-sprintf.o)
 .debug_frame   0x0000000000002840       0x90 c:/st/stm32cubeide_1.10.1/stm32cubeide/plugins/com.st.stm32cube.ide.mcu.externaltools.gnu-tools-for-stm32.10.3-2021.10.win32_1.0.200.202301161003/tools/bin/../lib/gcc/arm-none-eabi/10.3.1/../../../../arm-none-eabi/lib/thumb/v7e-m+fp/hard\libc_nano.a(lib_a-nano-svfprintf.o)
 .debug_frame   0x00000000000028d0       0x60 c:/st/stm32cubeide_1.10.1/stm32cubeide/plugins/com.st.stm32cube.ide.mcu.externaltools.gnu-tools-for-stm32.10.3-2021.10.win32_1.0.200.202301161003/tools/bin/../lib/gcc/arm-none-eabi/10.3.1/../../../../arm-none-eabi/lib/thumb/v7e-m+fp/hard\libc_nano.a(lib_a-nano-vfprintf_i.o)
 .debug_frame   0x0000000000002930       0x28 c:/st/stm32cubeide_1.10.1/stm32cubeide/plugins/com.st.stm32cube.ide.mcu.externaltools.gnu-tools-for-stm32.10.3-2021.10.win32_1.0.200.202301161003/tools/bin/../lib/gcc/arm-none-eabi/10.3.1/../../../../arm-none-eabi/lib/thumb/v7e-m+fp/hard\libc_nano.a(lib_a-memcpy-stub.o)
 .debug_frame   0x0000000000002958       0x28 c:/st/stm32cubeide_1.10.1/stm32cubeide/plugins/com.st.stm32cube.ide.mcu.externaltools.gnu-tools-for-stm32.10.3-2021.10.win32_1.0.200.202301161003/tools/bin/../lib/gcc/arm-none-eabi/10.3.1/../../../../arm-none-eabi/lib/thumb/v7e-m+fp/hard\libc_nano.a(lib_a-memmove.o)
 .debug_frame   0x0000000000002980       0x38 c:/st/stm32cubeide_1.10.1/stm32cubeide/plugins/com.st.stm32cube.ide.mcu.externaltools.gnu-tools-for-stm32.10.3-2021.10.win32_1.0.200.202301161003/tools/bin/../lib/gcc/arm-none-eabi/10.3.1/../../../../arm-none-eabi/lib/thumb/v7e-m+fp/hard\libc_nano.a(lib_a-nano-freer.o)
 .debug_frame   0x00000000000029b8       0x4c c:/st/stm32cubeide_1.10.1/stm32cubeide/plugins/com.st.stm32cube.ide.mcu.externaltools.gnu-tools-for-stm32.10.3-2021.10.win32_1.0.200.202301161003/tools/bin/../lib/gcc/arm-none-eabi/10.3.1/../../../../arm-none-eabi/lib/thumb/v7e-m+fp/hard\libc_nano.a(lib_a-nano-mallocr.o)
 .debug_frame   0x0000000000002a04       0x3c c:/st/stm32cubeide_1.10.1/stm32cubeide/plugins/com.st.stm32cube.ide.mcu.externaltools.gnu-tools-for-stm32.10.3-2021.10.win32_1.0.200.202301161003/tools/bin/../lib/gcc/arm-none-eabi/10.3.1/../../../../arm-none-eabi/lib/thumb/v7e-m+fp/hard\libc_nano.a(lib_a-nano-reallocr.o)
 .debug_frame   0x0000000000002a40       0x2c c:/st/stm32cubeide_1.10.1/stm32cubeide/plugins/com.st.stm32cube.ide.mcu.externaltools.gnu-tools-for-stm32.10.3-2021.10.win32_1.0.200.202301161003/tools/bin/../lib/gcc/arm-none-eabi/10.3.1/../../../../arm-none-eabi/lib/thumb/v7e-m+fp/hard\libc_nano.a(lib_a-sbrkr.o)
 .debug_frame   0x0000000000002a6c       0x30 c:/st/stm32cubeide_1.10.1/stm32cubeide/plugins/com.st.stm32cube.ide.mcu.externaltools.gnu-tools-for-stm32.10.3-2021.10.win32_1.0.200.202301161003/tools/bin/../lib/gcc/arm-none-eabi/10.3.1/../../../../arm-none-eabi/lib/thumb/v7e-m+fp/hard\libc_nano.a(lib_a-mlock.o)
 .debug_frame   0x0000000000002a9c       0x20 c:/st/stm32cubeide_1.10.1/stm32cubeide/plugins/com.st.stm32cube.ide.mcu.externaltools.gnu-tools-for-stm32.10.3-2021.10.win32_1.0.200.202301161003/tools/bin/../lib/gcc/arm-none-eabi/10.3.1/../../../../arm-none-eabi/lib/thumb/v7e-m+fp/hard\libc_nano.a(lib_a-nano-msizer.o)
 .debug_frame   0x0000000000002abc       0x5c c:/st/stm32cubeide_1.10.1/stm32cubeide/plugins/com.st.stm32cube.ide.mcu.externaltools.gnu-tools-for-stm32.10.3-2021.10.win32_1.0.200.202301161003/tools/bin/../lib/gcc/arm-none-eabi/10.3.1/../../../../arm-none-eabi/lib/thumb/v7e-m+fp/hard\libc_nano.a(lib_a-reent.o)
 .debug_frame   0x0000000000002b18       0xb0 c:/st/stm32cubeide_1.10.1/stm32cubeide/plugins/com.st.stm32cube.ide.mcu.externaltools.gnu-tools-for-stm32.10.3-2021.10.win32_1.0.200.202301161003/tools/bin/../lib/gcc/arm-none-eabi/10.3.1/../../../../arm-none-eabi/lib/thumb/v7e-m+fp/hard\libc_nano.a(lib_a-lock.o)
 .debug_frame   0x0000000000002bc8       0x2c c:/st/stm32cubeide_1.10.1/stm32cubeide/plugins/com.st.stm32cube.ide.mcu.externaltools.gnu-tools-for-stm32.10.3-2021.10.win32_1.0.200.202301161003/tools/bin/../lib/gcc/arm-none-eabi/10.3.1/thumb/v7e-m+fp/hard\libgcc.a(_aeabi_uldivmod.o)
 .debug_frame   0x0000000000002bf4       0x34 c:/st/stm32cubeide_1.10.1/stm32cubeide/plugins/com.st.stm32cube.ide.mcu.externaltools.gnu-tools-for-stm32.10.3-2021.10.win32_1.0.200.202301161003/tools/bin/../lib/gcc/arm-none-eabi/10.3.1/thumb/v7e-m+fp/hard\libgcc.a(_udivmoddi4.o)
