../Core/Inc/ast.h:57:1:add	16	static
../Core/Inc/ast.h:58:1:mul	16	static
../Core/Inc/ast.h:59:1:sub	16	static
../Core/Inc/ast.h:60:1:divide	16	static
../Core/Inc/ast.h:61:1:mod	16	static
../Core/Inc/ast.h:62:1:and	16	static
../Core/Inc/ast.h:63:1:or	16	static
../Core/Inc/ast.h:64:1:implication	16	static
../Core/Inc/ast.h:65:1:bicondition	16	static
../Core/Inc/ast.h:74:1:neg	16	static
../Core/Inc/ast.h:75:1:negl	16	static
../Core/Inc/ast.h:76:1:fact	16	static
../Core/Src/ast.c:7:13:newnode	24	static
../Core/Src/ast.c:13:12:_lit	48	static
../Core/Src/ast.c:17:13:lit	48	static
../Core/Src/ast.c:21:12:_unop	48	static
../Core/Src/ast.c:25:13:unop	48	static
../Core/Src/ast.c:29:12:_binop	48	static
../Core/Src/ast.c:33:13:binop	56	static
../Core/Src/ast.c:53:13:print_binop	16	static
../Core/Src/ast.c:63:13:print_unop	16	static
../Core/Src/ast.c:69:13:print_lit	16	static
../Core/Src/ast.c:76:6:print_ast	16	static
../Core/Src/ast.c:83:6:ast_print	8	static
../Core/Src/ast.c:96:1:parse_unop_neg	24	static
../Core/Src/ast.c:97:1:parse_unop_negl	24	static
../Core/Src/ast.c:99:16:factorial	32	static
../Core/Src/ast.c:103:16:parse_unop_fact	16	static
../Core/Src/ast.c:122:1:parse_binop_add	32	static
../Core/Src/ast.c:123:1:parse_binop_sub	32	static
../Core/Src/ast.c:124:1:parse_binop_mul	32	static
../Core/Src/ast.c:125:1:parse_binop_div	24	static
../Core/Src/ast.c:126:1:parse_binop_mod	24	static
../Core/Src/ast.c:127:1:parse_binop_and	24	static
../Core/Src/ast.c:128:1:parse_binop_or	24	static
../Core/Src/ast.c:132:16:impl	32	static
../Core/Src/ast.c:136:16:bicond	32	static
../Core/Src/ast.c:140:16:parse_binop_implication	24	static
../Core/Src/ast.c:144:16:parse_binop_bicondition	24	static
../Core/Src/ast.c:162:16:parse_lit	16	static
../Core/Src/ast.c:166:16:parse_unop	16	static
../Core/Src/ast.c:170:16:parse_binop	16	static
../Core/Src/ast.c:179:9:calc_ast	16	static
../Core/Src/ast.c:187:13:p_print_binop	16	static
../Core/Src/ast.c:193:13:p_print_unop	16	static
../Core/Src/ast.c:198:13:p_print_lit	16	static
../Core/Src/ast.c:205:6:p_print_ast	16	static
