../Core/Inc/ast.h:57:1:add	16	static
../Core/Inc/ast.h:58:1:mul	16	static
../Core/Inc/ast.h:59:1:sub	16	static
../Core/Inc/ast.h:60:1:divide	16	static
../Core/Inc/ast.h:61:1:mod	16	static
../Core/Inc/ast.h:62:1:and	16	static
../Core/Inc/ast.h:63:1:or	16	static
../Core/Inc/ast.h:64:1:implication	16	static
../Core/Inc/ast.h:65:1:bicondition	16	static
../Core/Inc/ast.h:74:1:neg	16	static
../Core/Inc/ast.h:75:1:negl	16	static
../Core/Inc/ast.h:76:1:fact	16	static
../Core/Src/builder.c:7:6:token_print	32	static
../Core/Src/builder.c:11:1:ring_ast_create	24	static
../Core/Src/builder.c:11:1:ring_ast_last	24	static
../Core/Src/builder.c:11:1:ring_ast_first	24	static
../Core/Src/builder.c:11:1:ring_ast_push	32	static
../Core/Src/builder.c:11:1:ring_ast_pop	56	static
../Core/Src/builder.c:11:1:ring_ast_push_top	48	static
../Core/Src/builder.c:11:1:ring_ast_pop_top	24	static
../Core/Src/builder.c:11:1:ring_ast_free	24	static
../Core/Src/builder.c:13:1:ring_ast_print	40	static
../Core/Src/builder.c:13:1:ring_ast_print_back	40	static
../Core/Src/builder.c:17:1:ring_token_create	40	static
../Core/Src/builder.c:17:1:ring_token_last	16	static
../Core/Src/builder.c:17:1:ring_token_first	16	static
../Core/Src/builder.c:17:1:ring_token_push	24	static
../Core/Src/builder.c:17:1:ring_token_pop	48	static
../Core/Src/builder.c:17:1:ring_token_push_top	32	static
../Core/Src/builder.c:17:1:ring_token_pop_top	24	static
../Core/Src/builder.c:17:1:ring_token_free	24	static
../Core/Src/builder.c:19:1:ring_token_print	24	static
../Core/Src/builder.c:19:1:ring_token_print_back	24	static
../Core/Src/builder.c:44:20:build_binop	80	static
../Core/Src/builder.c:50:20:build_unop	56	static
../Core/Src/builder.c:56:20:build_lit	16	static
../Core/Src/builder.c:68:15:lit_to_ast_map	32	static
../Core/Src/builder.c:75:20:build_node	40	static
../Core/Src/builder.c:96:13:build_ast	208	static
