../Core/Inc/ast.h:57:1:add	16	static
../Core/Inc/ast.h:58:1:mul	16	static
../Core/Inc/ast.h:59:1:sub	16	static
../Core/Inc/ast.h:60:1:divide	16	static
../Core/Inc/ast.h:61:1:mod	16	static
../Core/Inc/ast.h:62:1:and	16	static
../Core/Inc/ast.h:63:1:or	16	static
../Core/Inc/ast.h:64:1:implication	16	static
../Core/Inc/ast.h:65:1:bicondition	16	static
../Core/Inc/ast.h:74:1:neg	16	static
../Core/Inc/ast.h:75:1:negl	16	static
../Core/Inc/ast.h:76:1:fact	16	static
../Core/Src/calc.c:8:16:calc_expr	16	static
../Core/Src/calc.c:20:1:calc_Action_Add_0	24	static
../Core/Src/calc.c:21:1:calc_Action_Add_1	24	static
../Core/Src/calc.c:22:1:calc_Action_Add_2	24	static
../Core/Src/calc.c:23:1:calc_Action_Add_3	24	static
../Core/Src/calc.c:24:1:calc_Action_Add_4	24	static
../Core/Src/calc.c:25:1:calc_Action_Add_5	24	static
../Core/Src/calc.c:26:1:calc_Action_Add_6	24	static
../Core/Src/calc.c:27:1:calc_Action_Add_7	24	static
../Core/Src/calc.c:28:1:calc_Action_Add_8	24	static
../Core/Src/calc.c:29:1:calc_Action_Add_9	24	static
../Core/Src/calc.c:31:1:calc_Action_Add_Plus	24	static
../Core/Src/calc.c:32:1:calc_Action_Add_Sub	24	static
../Core/Src/calc.c:33:1:calc_Action_Add_Mul	24	static
../Core/Src/calc.c:34:1:calc_Action_Add_Div	24	static
../Core/Src/calc.c:36:1:calc_Action_Add_Fact	24	static
../Core/Src/calc.c:38:1:calc_Action_Add_Open_Bracket	24	static
../Core/Src/calc.c:39:1:calc_Action_Add_Close_Bracket	24	static
../Core/Src/calc.c:43:13:calc_Action_Change_Layout	16	static
../Core/Src/calc.c:47:13:int64_to_string	56	static
../Core/Src/calc.c:75:13:calc_Apply_Equation	24	static
../Core/Src/calc.c:82:13:calc_Action_CE	24	static
../Core/Src/calc.c:89:13:calc_Action_C	24	static
../Core/Src/calc.c:97:13:calc_Action_Backspace	16	static
../Core/Src/calc.c:117:6:calc_Call_Action	24	static
